###############################################################################
#
# IAR ANSI C/C++ Compiler V8.22.1.15669/W32 for ARM       23/Dec/2025  00:37:30
# Copyright 1999-2018 IAR Systems AB.
#
#    Cpu mode     =  thumb
#    Endian       =  little
#    Source file  =  C:\tue_team02\edl_02\project_test\user\main.c
#    Command line =  
#        -f C:\Users\pnu1\AppData\Local\Temp\EWC320.tmp
#        (C:\tue_team02\edl_02\project_test\user\main.c -D USE_STDPERIPH_DRIVER
#        -D STM32F10X_CL -lC C:\tue_team02\edl_02\project_test\Debug\List -o
#        C:\tue_team02\edl_02\project_test\Debug\Obj --no_cse --no_unroll
#        --no_inline --no_code_motion --no_tbaa --no_clustering --no_scheduling
#        --debug --endian=little --cpu=Cortex-M3 -e --fpu=None --dlib_config
#        "C:\Program Files (x86)\IAR Systems\Embedded Workbench
#        8.0\arm\INC\c\DLib_Config_Normal.h" -I
#        C:\tue_team02\edl_02\project_test\libraries\CMSIS\DeviceSupport\ -I
#        C:\tue_team02\edl_02\project_test\libraries\CMSIS\DeviceSupport\Startup\
#        -I
#        C:\tue_team02\edl_02\project_test\libraries\STM32F10x_StdPeriph_Driver_v3.5\inc\
#        -I
#        C:\tue_team02\edl_02\project_test\libraries\STM32F10x_StdPeriph_Driver_v3.5\src\
#        -I C:\tue_team02\edl_02\project_test\user\ -I
#        C:\tue_team02\edl_02\project_test\user\inc\ -I
#        C:\tue_team02\edl_02\project_test\Libraries\LCD\ -I
#        C:\tue_team02\edl_02\project_test\ -I
#        C:\tue_team02\edl_02\project_test\Libraries\ALARM\ -Ol -I "C:\Program
#        Files (x86)\IAR Systems\Embedded Workbench
#        8.0\arm\CMSIS\Core\Include\" -I "C:\Program Files (x86)\IAR
#        Systems\Embedded Workbench 8.0\arm\CMSIS\DSP\Include\")
#    Locale       =  C
#    List file    =  C:\tue_team02\edl_02\project_test\Debug\List\main.lst
#    Object file  =  C:\tue_team02\edl_02\project_test\Debug\Obj\main.o
#
###############################################################################

C:\tue_team02\edl_02\project_test\user\main.c
      1          #include "stm32f10x.h"
      2          #include "core_cm3.h"
      3          #include "misc.h"
      4          #include "lcd.h"
      5          #include "touch.h"
      6          #include "alarm.h"
      7          #include "inc/hw_config.h" 
      8          #include <stdio.h>
      9          
     10          extern volatile AlarmState* p_alarm_state;
     11          

   \                                 In section .bss, align 4
     12          volatile uint32_t ADC_Value[1];
   \                     ADC_Value:
   \   00000000                      DS8 4
     13          

   \                                 In section .text, align 4, keep-with-next
     14          int main(void) {
   \                     main: (+1)
   \   00000000   0xB580             PUSH     {R7,LR}
   \   00000002   0xB09A             SUB      SP,SP,#+104
     15              SystemInit();
   \   00000004   0x.... 0x....      BL       SystemInit
     16              RCC_Configure();
   \   00000008   0x.... 0x....      BL       RCC_Configure
     17              GPIO_Configure();
   \   0000000C   0x.... 0x....      BL       GPIO_Configure
     18              Ultrasonic_Configure();
   \   00000010   0x.... 0x....      BL       Ultrasonic_Configure
     19              NVIC_Configure();
   \   00000014   0x.... 0x....      BL       NVIC_Configure
     20              ADC_Configure();
   \   00000018   0x.... 0x....      BL       ADC_Configure
     21              DMA_Configure();
   \   0000001C   0x.... 0x....      BL       DMA_Configure
     22              LCD_Init();
   \   00000020   0x.... 0x....      BL       LCD_Init
     23              Touch_Configuration();
   \   00000024   0x.... 0x....      BL       Touch_Configuration
     24              Motor_Configure();
   \   00000028   0x.... 0x....      BL       Motor_Configure
     25          //    Touch_Adjust();
     26              USART1_Init();
   \   0000002C   0x.... 0x....      BL       USART1_Init
     27              USART2_Init();
   \   00000030   0x.... 0x....      BL       USART2_Init
     28              Alarm_Init();
   \   00000034   0x.... 0x....      BL       Alarm_Init
     29              Alarm_Reset();
   \   00000038   0x.... 0x....      BL       Alarm_Reset
     30          
     31              // [?@@] @@@?@@ ?@@ ?@@ @@@@€ (?@@)
     32              USART2_SendString("\r\nBluetooth Connected. Please send the alarm time in seconds.\r\n");
   \   0000003C   0x4811             LDR.N    R0,??main_0
   \   0000003E   0x.... 0x....      BL       USART2_SendString
   \   00000042   0xE008             B.N      ??main_1
     33          
     34              while (1) {
     35                  Alarm_Process();
     36          
     37                  if (Alarm_GetState() == STATE_ALARM_STOPPED) {
     38                      uint32_t final_time = Alarm_GetElapsedSeconds();
     39                      char time_str[20];
     40                      char report[80];
     41          
     42                      // [?@@] 00??00@?00@??@@?@@ @€?
     43                      Time_Format(final_time, time_str);
                             ^
Warning[Pe223]: function "Time_Format" declared implicitly
     44          
     45                      sprintf(report, "\r\n[STOP] Duration: %s\r\n", time_str);
     46                      USART2_SendString(report);
     47          
     48                      for(volatile int i=0; i<5000000; i++);
   \                     ??main_2: (+1)
   \   00000044   0x9800             LDR      R0,[SP, #+0]
   \   00000046   0x1C40             ADDS     R0,R0,#+1
   \   00000048   0x9000             STR      R0,[SP, #+0]
   \                     ??main_3: (+1)
   \   0000004A   0x9800             LDR      R0,[SP, #+0]
   \   0000004C   0x490E             LDR.N    R1,??main_0+0x4  ;; 0x4c4b40
   \   0000004E   0x4288             CMP      R0,R1
   \   00000050   0xDBF8             BLT.N    ??main_2
     49                      Alarm_Reset();
   \   00000052   0x.... 0x....      BL       Alarm_Reset
   \                     ??main_1: (+1)
   \   00000056   0x.... 0x....      BL       Alarm_Process
   \   0000005A   0x.... 0x....      BL       Alarm_GetState
   \   0000005E   0x2804             CMP      R0,#+4
   \   00000060   0xD1F9             BNE.N    ??main_1
   \   00000062   0x.... 0x....      BL       Alarm_GetElapsedSeconds
   \   00000066   0xA901             ADD      R1,SP,#+4
   \   00000068   0x.... 0x....      BL       Time_Format
   \   0000006C   0xAA01             ADD      R2,SP,#+4
   \   0000006E   0x4907             LDR.N    R1,??main_0+0x8
   \   00000070   0xA806             ADD      R0,SP,#+24
   \   00000072   0x.... 0x....      BL       sprintf
   \   00000076   0xA806             ADD      R0,SP,#+24
   \   00000078   0x.... 0x....      BL       USART2_SendString
   \   0000007C   0x2000             MOVS     R0,#+0
   \   0000007E   0x9000             STR      R0,[SP, #+0]
   \   00000080   0xE7E3             B.N      ??main_3
   \   00000082   0xBF00             Nop      
   \                     ??main_0:
   \   00000084   0x........         DC32     ?_0
   \   00000088   0x004C4B40         DC32     0x4c4b40
   \   0000008C   0x........         DC32     ?_1
     50                  }
     51              }
     52          }

   \                                 In section .rodata, align 4
   \                     ?_0:
   \   00000000   0x0D 0x0A          DC8 0DH, 0AH, 42H, 6CH, 75H, 65H, 74H, 6FH
   \              0x42 0x6C    
   \              0x75 0x65    
   \              0x74 0x6F    
   \   00000008   0x6F 0x74          DC8 6FH, 74H, 68H, 20H, 43H, 6FH, 6EH, 6EH
   \              0x68 0x20    
   \              0x43 0x6F    
   \              0x6E 0x6E    
   \   00000010   0x65 0x63          DC8 65H, 63H, 74H, 65H, 64H, 2EH, 20H, 50H
   \              0x74 0x65    
   \              0x64 0x2E    
   \              0x20 0x50    
   \   00000018   0x6C 0x65          DC8 6CH, 65H, 61H, 73H, 65H, 20H, 73H, 65H
   \              0x61 0x73    
   \              0x65 0x20    
   \              0x73 0x65    
   \   00000020   0x6E 0x64          DC8 6EH, 64H, 20H, 74H, 68H, 65H, 20H, 61H
   \              0x20 0x74    
   \              0x68 0x65    
   \              0x20 0x61    
   \   00000028   0x6C 0x61          DC8 6CH, 61H, 72H, 6DH, 20H, 74H, 69H, 6DH
   \              0x72 0x6D    
   \              0x20 0x74    
   \              0x69 0x6D    
   \   00000030   0x65 0x20          DC8 65H, 20H, 69H, 6EH, 20H, 73H, 65H, 63H
   \              0x69 0x6E    
   \              0x20 0x73    
   \              0x65 0x63    
   \   00000038   0x6F 0x6E          DC8 6FH, 6EH, 64H, 73H, 2EH, 0DH, 0AH, 0
   \              0x64 0x73    
   \              0x2E 0x0D    
   \              0x0A 0x00    

   \                                 In section .rodata, align 4
   \                     ?_1:
   \   00000000   0x0D 0x0A          DC8 "\015\012[STOP] Duration: %s\015\012"
   \              0x5B 0x53    
   \              0x54 0x4F    
   \              0x50 0x5D    
   \              0x20 0x44    
   \              0x75 0x72    
   \              0x61 0x74    
   \              0x69 0x6F    
   \              0x6E 0x3A    
   \              0x20 0x25    
   \              0x73 0x0D    
   \              0x0A 0x00    

   Maximum stack usage in bytes:

   .cstack Function
   ------- --------
     112   main
       112   -> ADC_Configure
       112   -> Alarm_GetElapsedSeconds
       112   -> Alarm_GetState
       112   -> Alarm_Init
       112   -> Alarm_Process
       112   -> Alarm_Reset
       112   -> DMA_Configure
       112   -> GPIO_Configure
       112   -> LCD_Init
       112   -> Motor_Configure
       112   -> NVIC_Configure
       112   -> RCC_Configure
       112   -> SystemInit
       112   -> Time_Format
       112   -> Touch_Configuration
       112   -> USART1_Init
       112   -> USART2_Init
       112   -> USART2_SendString
       112   -> Ultrasonic_Configure
       112   -> sprintf


   Section sizes:

   Bytes  Function/Label
   -----  --------------
      64  ?_0
      24  ?_1
       4  ADC_Value
     144  main

 
   4 bytes in section .bss
  88 bytes in section .rodata
 144 bytes in section .text
 
 144 bytes of CODE  memory
  88 bytes of CONST memory
   4 bytes of DATA  memory

Errors: none
Warnings: 1
