###############################################################################
#
# IAR ANSI C/C++ Compiler V8.22.1.15669/W32 for ARM       19/Dec/2025  16:32:34
# Copyright 1999-2018 IAR Systems AB.
#
#    Cpu mode     =  thumb
#    Endian       =  little
#    Source file  =  C:\tue_team2\edl_02\project_test\user\main.c
#    Command line =  
#        -f C:\Users\pnu2\AppData\Local\Temp\EW3F77.tmp
#        (C:\tue_team2\edl_02\project_test\user\main.c -D USE_STDPERIPH_DRIVER
#        -D STM32F10X_CL -lC C:\tue_team2\edl_02\project_test\Debug\List -o
#        C:\tue_team2\edl_02\project_test\Debug\Obj --no_cse --no_unroll
#        --no_inline --no_code_motion --no_tbaa --no_clustering --no_scheduling
#        --debug --endian=little --cpu=Cortex-M3 -e --fpu=None --dlib_config
#        "C:\Program Files (x86)\IAR Systems\Embedded Workbench
#        8.0\arm\INC\c\DLib_Config_Normal.h" -I
#        C:\tue_team2\edl_02\project_test\libraries\CMSIS\DeviceSupport\ -I
#        C:\tue_team2\edl_02\project_test\libraries\CMSIS\DeviceSupport\Startup\
#        -I
#        C:\tue_team2\edl_02\project_test\libraries\STM32F10x_StdPeriph_Driver_v3.5\inc\
#        -I
#        C:\tue_team2\edl_02\project_test\libraries\STM32F10x_StdPeriph_Driver_v3.5\src\
#        -I C:\tue_team2\edl_02\project_test\user\ -I
#        C:\tue_team2\edl_02\project_test\user\inc\ -I
#        C:\tue_team2\edl_02\project_test\Libraries\LCD\ -I
#        C:\tue_team2\edl_02\project_test\ -I
#        C:\tue_team2\edl_02\project_test\Libraries\ALARM\ -Ol -I "C:\Program
#        Files (x86)\IAR Systems\Embedded Workbench
#        8.0\arm\CMSIS\Core\Include\" -I "C:\Program Files (x86)\IAR
#        Systems\Embedded Workbench 8.0\arm\CMSIS\DSP\Include\")
#    Locale       =  C
#    List file    =  C:\tue_team2\edl_02\project_test\Debug\List\main.lst
#    Object file  =  C:\tue_team2\edl_02\project_test\Debug\Obj\main.o
#
###############################################################################

C:\tue_team2\edl_02\project_test\user\main.c
      1          // main.c
      2          #include "stm32f10x.h"
      3          #include "core_cm3.h"
      4          #include "misc.h"
      5          #include "lcd.h"
      6          #include "touch.h"
      7          #include "alarm.h"
      8          #include "inc/hw_config.h" 
      9          #include <stdio.h>
     10          
     11          // --- Global variables ---

   \                                 In section .bss, align 4
     12          volatile uint32_t ADC_Value[1];
   \                     ADC_Value:
   \   00000000                      DS8 4
     13          
     14          // ?@@?@????@@ (hw_config.c???@@??
     15          void USART1_Init(void); 
     16          

   \                                 In section .text, align 4, keep-with-next
     17          int main(void) {
   \                     main: (+1)
   \   00000000   0xB500             PUSH     {LR}
   \   00000002   0xB08D             SUB      SP,SP,#+52
     18              SystemInit();
   \   00000004   0x.... 0x....      BL       SystemInit
     19              
     20              // 1. ?@@?@@ ?@@
     21              RCC_Configure();
   \   00000008   0x.... 0x....      BL       RCC_Configure
     22              GPIO_Configure();
   \   0000000C   0x.... 0x....      BL       GPIO_Configure
     23              NVIC_Configure();
   \   00000010   0x.... 0x....      BL       NVIC_Configure
     24              
     25              // 2. @@?@@@ @@@?
     26              ADC_Configure();
   \   00000014   0x.... 0x....      BL       ADC_Configure
     27              DMA_Configure();
   \   00000018   0x.... 0x....      BL       DMA_Configure
     28              LCD_Init();
   \   0000001C   0x.... 0x....      BL       LCD_Init
     29              Touch_Configuration();
   \   00000020   0x.... 0x....      BL       Touch_Configuration
     30              Touch_Adjust();
   \   00000024   0x.... 0x....      BL       Touch_Adjust
     31              
     32              USART1_Init(); // PC(PuTTY) ?@@?
   \   00000028   0x.... 0x....      BL       USART1_Init
     33              USART2_Init(); // @@@?@@ ?@@?
   \   0000002C   0x.... 0x....      BL       USART2_Init
     34              
     35              Alarm_Init();
   \   00000030   0x.... 0x....      BL       Alarm_Init
     36              Alarm_Reset();
   \   00000034   0x.... 0x....      BL       Alarm_Reset
     37          
     38              // @€??@@@@€@?PC?€ @@@?@@@??@@ (?@@??
     39              USART2_SendString("System Ready!\r\n");
   \   00000038   0x480A             LDR.N    R0,??main_0
   \   0000003A   0x.... 0x....      BL       USART2_SendString
     40          
     41              while (1) {
     42                  // ?@@ ?@@ @@@ ?@@ (LCD ?@@?@@, @€?€ ?@@ ??
     43                  Alarm_Process();
   \                     ??main_1: (+1)
   \   0000003E   0x.... 0x....      BL       Alarm_Process
     44          
     45                  // 3. ?@@???@@?@@ ?@@ ?@??@@?@? ?@@
     46                  if (Alarm_GetState() == STATE_ALARM_STOPPED) {
   \   00000042   0x.... 0x....      BL       Alarm_GetState
   \   00000046   0x2803             CMP      R0,#+3
   \   00000048   0xD1F9             BNE.N    ??main_1
     47                      uint32_t final_elapsed_seconds = Alarm_GetElapsedSeconds();
   \   0000004A   0x.... 0x....      BL       Alarm_GetElapsedSeconds
     48                      char msg[50];
     49                      
     50                      // @@@ ?@@??@@@?@@ @€??(?? "Time: 5 secs\r\n")
     51                      sprintf(msg, "Time: %d secs\r\n", final_elapsed_seconds);
   \   0000004E   0x0002             MOVS     R2,R0
   \   00000050   0x4905             LDR.N    R1,??main_0+0x4
   \   00000052   0x4668             MOV      R0,SP
   \   00000054   0x.... 0x....      BL       sprintf
     52                      
     53                      // *** @@@: @@@?@@ @@@(USART2)@??@@ ***
     54                      USART2_SendString(msg);
   \   00000058   0x4668             MOV      R0,SP
   \   0000005A   0x.... 0x....      BL       USART2_SendString
     55          
     56                      // ?@@@?IDLE@?@@@?@@ ?@@ @@@ ?€@
     57                      Alarm_Reset();
   \   0000005E   0x.... 0x....      BL       Alarm_Reset
   \   00000062   0xE7EC             B.N      ??main_1
   \                     ??main_0:
   \   00000064   0x........         DC32     ?_0
   \   00000068   0x........         DC32     ?_1
     58                  }
     59              }
     60          }

   \                                 In section .rodata, align 4
   \                     ?_0:
   \   00000000   0x53 0x79          DC8 "System Ready!\015\012"
   \              0x73 0x74    
   \              0x65 0x6D    
   \              0x20 0x52    
   \              0x65 0x61    
   \              0x64 0x79    
   \              0x21 0x0D    
   \              0x0A 0x00    

   \                                 In section .rodata, align 4
   \                     ?_1:
   \   00000000   0x54 0x69          DC8 "Time: %d secs\015\012"
   \              0x6D 0x65    
   \              0x3A 0x20    
   \              0x25 0x64    
   \              0x20 0x73    
   \              0x65 0x63    
   \              0x73 0x0D    
   \              0x0A 0x00    

   Maximum stack usage in bytes:

   .cstack Function
   ------- --------
      56   main
        56   -> ADC_Configure
        56   -> Alarm_GetElapsedSeconds
        56   -> Alarm_GetState
        56   -> Alarm_Init
        56   -> Alarm_Process
        56   -> Alarm_Reset
        56   -> DMA_Configure
        56   -> GPIO_Configure
        56   -> LCD_Init
        56   -> NVIC_Configure
        56   -> RCC_Configure
        56   -> SystemInit
        56   -> Touch_Adjust
        56   -> Touch_Configuration
        56   -> USART1_Init
        56   -> USART2_Init
        56   -> USART2_SendString
        56   -> sprintf


   Section sizes:

   Bytes  Function/Label
   -----  --------------
      16  ?_0
      16  ?_1
       4  ADC_Value
     108  main

 
   4 bytes in section .bss
  32 bytes in section .rodata
 108 bytes in section .text
 
 108 bytes of CODE  memory
  32 bytes of CONST memory
   4 bytes of DATA  memory

Errors: none
Warnings: none
