###############################################################################
#
# IAR ELF Linker V8.22.1.15669/W32 for ARM                22/Dec/2025  03:25:51
# Copyright 2007-2018 IAR Systems AB.
#
#    Output file  =  C:\tue_team2\edl_02\project_test\Debug\Exe\week3.out
#    Map file     =  C:\tue_team2\edl_02\project_test\Debug\List\week3.map
#    Command line =  
#        -f C:\Users\pnu5\AppData\Local\Temp\EW9F73.tmp
#        (C:\tue_team2\edl_02\project_test\Debug\Obj\alarm.o
#        C:\tue_team2\edl_02\project_test\Debug\Obj\core_cm3.o
#        C:\tue_team2\edl_02\project_test\Debug\Obj\hw_config.o
#        C:\tue_team2\edl_02\project_test\Debug\Obj\lcd.o
#        C:\tue_team2\edl_02\project_test\Debug\Obj\main.o
#        C:\tue_team2\edl_02\project_test\Debug\Obj\misc.o
#        C:\tue_team2\edl_02\project_test\Debug\Obj\startup_stm32f10x_cl.o
#        C:\tue_team2\edl_02\project_test\Debug\Obj\stm32f10x_adc.o
#        C:\tue_team2\edl_02\project_test\Debug\Obj\stm32f10x_bkp.o
#        C:\tue_team2\edl_02\project_test\Debug\Obj\stm32f10x_can.o
#        C:\tue_team2\edl_02\project_test\Debug\Obj\stm32f10x_cec.o
#        C:\tue_team2\edl_02\project_test\Debug\Obj\stm32f10x_crc.o
#        C:\tue_team2\edl_02\project_test\Debug\Obj\stm32f10x_dac.o
#        C:\tue_team2\edl_02\project_test\Debug\Obj\stm32f10x_dbgmcu.o
#        C:\tue_team2\edl_02\project_test\Debug\Obj\stm32f10x_dma.o
#        C:\tue_team2\edl_02\project_test\Debug\Obj\stm32f10x_exti.o
#        C:\tue_team2\edl_02\project_test\Debug\Obj\stm32f10x_flash.o
#        C:\tue_team2\edl_02\project_test\Debug\Obj\stm32f10x_fsmc.o
#        C:\tue_team2\edl_02\project_test\Debug\Obj\stm32f10x_gpio.o
#        C:\tue_team2\edl_02\project_test\Debug\Obj\stm32f10x_i2c.o
#        C:\tue_team2\edl_02\project_test\Debug\Obj\stm32f10x_it.o
#        C:\tue_team2\edl_02\project_test\Debug\Obj\stm32f10x_iwdg.o
#        C:\tue_team2\edl_02\project_test\Debug\Obj\stm32f10x_pwr.o
#        C:\tue_team2\edl_02\project_test\Debug\Obj\stm32f10x_rcc.o
#        C:\tue_team2\edl_02\project_test\Debug\Obj\stm32f10x_rtc.o
#        C:\tue_team2\edl_02\project_test\Debug\Obj\stm32f10x_sdio.o
#        C:\tue_team2\edl_02\project_test\Debug\Obj\stm32f10x_spi.o
#        C:\tue_team2\edl_02\project_test\Debug\Obj\stm32f10x_tim.o
#        C:\tue_team2\edl_02\project_test\Debug\Obj\stm32f10x_usart.o
#        C:\tue_team2\edl_02\project_test\Debug\Obj\stm32f10x_wwdg.o
#        C:\tue_team2\edl_02\project_test\Debug\Obj\system_stm32f10x.o
#        C:\tue_team2\edl_02\project_test\Debug\Obj\touch.o -o
#        C:\tue_team2\edl_02\project_test\Debug\Exe\week3.out --map
#        C:\tue_team2\edl_02\project_test\Debug\List\week3.map --log
#        libraries,initialization,modules,redirects,sections,veneers,unused_fragments,call_graph
#        --log_file C:\tue_team2\edl_02\project_test\Debug\List\week3.log
#        --config C:\tue_team2\edl_02\project_test\myicf.icf --semihosting
#        --entry __iar_program_start --vfe --text_out locale)
#
###############################################################################

*******************************************************************************
*** RUNTIME MODEL ATTRIBUTES
***

CppFlavor       = *
__SystemLibrary = DLib
__dlib_version  = 6


*******************************************************************************
*** HEAP SELECTION
***

The basic heap was selected because some modules are built with
size limitations (and not runtime checking), and --advanced_heap
was not specified.


*******************************************************************************
*** PLACEMENT SUMMARY
***

"A0":  place at 0x08000000 { ro section .intvec };
"P1":  place in [from 0x08000000 to 0x0807ffff] { ro };
define block CSTACK with size = 4K, alignment = 8 { };
define block HEAP with size = 4K, alignment = 8 { };
"P2":  place in [from 0x20000000 to 0x20007fff] {
          rw, block CSTACK, block HEAP };
initialize by copy { rw };

  Section            Kind        Address    Size  Object
  -------            ----        -------    ----  ------
"A0":                                      0x150
  .intvec            ro code  0x08000000   0x150  startup_stm32f10x_cl.o [1]
                            - 0x08000150   0x150

"P1":                                     0x5250
  .text              ro code  0x08000150   0xe22  xprintffull_nomb.o [3]
  .text              ro code  0x08000f72     0xa  xsprout.o [3]
  .text              ro code  0x08000f7c    0x16  strchr.o [5]
  .text              ro code  0x08000f94    0x40  xfail_s.o [3]
  .text              ro code  0x08000fd4    0x36  strlen.o [5]
  .text              ro code  0x0800100c    0x58  memchr.o [5]
  .text              ro code  0x08001064   0x22e  I64DivMod.o [5]
  .text              ro code  0x08001294   0x1a2  DblMul.o [4]
  .text              ro code  0x08001438    0xa6  ABImemcpy.o [5]
  .text              ro code  0x080014e0    0x70  frexp.o [4]
  .text              ro code  0x08001550    0x2e  DblCmpLe.o [4]
  .text              ro code  0x08001580    0x2e  DblCmpGe.o [4]
  .text              ro code  0x080015b0   0x13a  ldexp.o [4]
  .text              ro code  0x080016ec    0x3a  DblToS32.o [4]
  .text              ro code  0x08001728    0x22  S32ToDbl.o [4]
  .text              ro code  0x0800174c    0xe2  DblSub.o [4]
  .text              ro code  0x08001830   0x246  DblDiv.o [4]
  .text              ro code  0x08001a78    0x28  DblToU32.o [4]
  .text              ro code  0x08001aa0    0x1a  U32ToDbl.o [4]
  .text              ro code  0x08001aba     0x6  abort.o [3]
  .text              ro code  0x08001ac0     0x2  I64DivZer.o [5]
  .text              ro code  0x08001ac4   0x168  DblAdd.o [4]
  .text              ro code  0x08001c2c    0x14  exit.o [6]
  .text              ro code  0x08001c40   0x706  hw_config.o [1]
  .text              ro code  0x08002348   0x18c  stm32f10x_rcc.o [1]
  .text              ro code  0x080024d4   0x1ec  stm32f10x_gpio.o [1]
  .text              ro code  0x080026c0    0x40  sprintf.o [3]
  .text              ro code  0x08002700   0x1b6  stm32f10x_usart.o [1]
  .text              ro code  0x080028b8    0x80  misc.o [1]
  .text              ro code  0x08002938    0xc0  stm32f10x_exti.o [1]
  .text              ro code  0x080029f8    0x58  stm32f10x_dma.o [1]
  .text              ro code  0x08002a50   0x1ae  stm32f10x_adc.o [1]
  .text              ro code  0x08002c00   0x6f4  alarm.o [1]
  .text              ro code  0x080032f4   0x11c  stm32f10x_tim.o [1]
  .text              ro code  0x08003410   0x4e4  lcd.o [1]
  .text              ro code  0x080038f4    0x4a  strcmp.o [5]
  .text              ro code  0x08003940    0x4c  strcpy.o [5]
  .text              ro code  0x0800398c     0x8  abs.o [3]
  .rodata            const    0x08003994   0x5f0  lcd.o [1]
  .rodata            const    0x08003f84   0x594  lcd.o [1]
  .rodata            const    0x08004518   0x474  lcd.o [1]
  .text              ro code  0x0800498c   0x1dc  stm32f10x_it.o [1]
  .text              ro code  0x08004b68   0x174  iar_Stoulx.o [3]
  .text              ro code  0x08004cdc   0x1a4  system_stm32f10x.o [1]
  .text              ro code  0x08004e80    0x8c  main.o [1]
  .text              ro code  0x08004f0c    0x58  touch.o [1]
  .rodata            const    0x08004f64    0x54  hw_config.o [1]
  Initializer bytes  const    0x08004fb8    0x54  <for P2-1>
  .rodata            const    0x0800500c    0x40  main.o [1]
  .text              ro code  0x0800504c    0x40  zero_init3.o [5]
  .text              ro code  0x0800508c    0x2c  copy_init3.o [5]
  .rodata            const    0x080050b8    0x28  stm32f10x_it.o [1]
  .text              ro code  0x080050e0    0x28  data_init.o [5]
  .iar.init_table    const    0x08005108    0x24  - Linker created -
  .text              ro code  0x0800512c    0x1e  cmain.o [5]
  .text              ro code  0x0800514a     0x4  low_level_init.o [3]
  .text              ro code  0x0800514e     0x4  exit.o [3]
  .text              ro code  0x08005154     0xa  cexit.o [5]
  .rodata            const    0x08005160    0x18  main.o [1]
  .rodata            const    0x08005178    0x14  alarm.o [1]
  .rodata            const    0x0800518c    0x14  alarm.o [1]
  .rodata            const    0x080051a0    0x14  alarm.o [1]
  .rodata            const    0x080051b4    0x10  alarm.o [1]
  .rodata            const    0x080051c4    0x10  alarm.o [1]
  .rodata            const    0x080051d4    0x10  alarm.o [1]
  .rodata            const    0x080051e4    0x10  alarm.o [1]
  .rodata            const    0x080051f4    0x10  alarm.o [1]
  .rodata            const    0x08005204    0x10  alarm.o [1]
  .rodata            const    0x08005214    0x10  alarm.o [1]
  .rodata            const    0x08005224    0x10  alarm.o [1]
  .text              ro code  0x08005234    0x10  startup_stm32f10x_cl.o [1]
  .rodata            const    0x08005244     0xc  alarm.o [1]
  .rodata            const    0x08005250     0xc  alarm.o [1]
  .text              ro code  0x0800525c     0xc  cstartup_M.o [5]
  .rodata            const    0x08005268     0x8  alarm.o [1]
  .rodata            const    0x08005270     0x8  alarm.o [1]
  .rodata            const    0x08005278     0x8  alarm.o [1]
  .rodata            const    0x08005280     0x8  alarm.o [1]
  .text              ro code  0x08005288     0x4  startup_stm32f10x_cl.o [1]
  .text              ro code  0x0800528c     0x4  startup_stm32f10x_cl.o [1]
  .text              ro code  0x08005290     0x4  startup_stm32f10x_cl.o [1]
  .text              ro code  0x08005294     0x4  startup_stm32f10x_cl.o [1]
  .text              ro code  0x08005298     0x4  startup_stm32f10x_cl.o [1]
  .text              ro code  0x0800529c     0x4  startup_stm32f10x_cl.o [1]
  .text              ro code  0x080052a0     0x4  startup_stm32f10x_cl.o [1]
  .text              ro code  0x080052a4     0x4  startup_stm32f10x_cl.o [1]
  .text              ro code  0x080052a8     0x4  startup_stm32f10x_cl.o [1]
  .text              ro code  0x080052ac     0x4  startup_stm32f10x_cl.o [1]
  .text              ro code  0x080052b0     0x4  startup_stm32f10x_cl.o [1]
  .text              ro code  0x080052b4     0x4  startup_stm32f10x_cl.o [1]
  .text              ro code  0x080052b8     0x4  startup_stm32f10x_cl.o [1]
  .text              ro code  0x080052bc     0x4  startup_stm32f10x_cl.o [1]
  .text              ro code  0x080052c0     0x4  startup_stm32f10x_cl.o [1]
  .text              ro code  0x080052c4     0x4  startup_stm32f10x_cl.o [1]
  .text              ro code  0x080052c8     0x4  startup_stm32f10x_cl.o [1]
  .text              ro code  0x080052cc     0x4  startup_stm32f10x_cl.o [1]
  .text              ro code  0x080052d0     0x4  startup_stm32f10x_cl.o [1]
  .text              ro code  0x080052d4     0x4  startup_stm32f10x_cl.o [1]
  .text              ro code  0x080052d8     0x4  startup_stm32f10x_cl.o [1]
  .text              ro code  0x080052dc     0x4  startup_stm32f10x_cl.o [1]
  .text              ro code  0x080052e0     0x4  startup_stm32f10x_cl.o [1]
  .text              ro code  0x080052e4     0x4  startup_stm32f10x_cl.o [1]
  .text              ro code  0x080052e8     0x4  startup_stm32f10x_cl.o [1]
  .text              ro code  0x080052ec     0x4  startup_stm32f10x_cl.o [1]
  .text              ro code  0x080052f0     0x4  startup_stm32f10x_cl.o [1]
  .text              ro code  0x080052f4     0x4  startup_stm32f10x_cl.o [1]
  .text              ro code  0x080052f8     0x4  startup_stm32f10x_cl.o [1]
  .text              ro code  0x080052fc     0x4  startup_stm32f10x_cl.o [1]
  .text              ro code  0x08005300     0x4  startup_stm32f10x_cl.o [1]
  .text              ro code  0x08005304     0x4  startup_stm32f10x_cl.o [1]
  .text              ro code  0x08005308     0x4  startup_stm32f10x_cl.o [1]
  .text              ro code  0x0800530c     0x4  startup_stm32f10x_cl.o [1]
  .text              ro code  0x08005310     0x4  startup_stm32f10x_cl.o [1]
  .text              ro code  0x08005314     0x4  startup_stm32f10x_cl.o [1]
  .text              ro code  0x08005318     0x4  startup_stm32f10x_cl.o [1]
  .text              ro code  0x0800531c     0x4  startup_stm32f10x_cl.o [1]
  .text              ro code  0x08005320     0x4  startup_stm32f10x_cl.o [1]
  .text              ro code  0x08005324     0x4  startup_stm32f10x_cl.o [1]
  .text              ro code  0x08005328     0x4  startup_stm32f10x_cl.o [1]
  .text              ro code  0x0800532c     0x4  startup_stm32f10x_cl.o [1]
  .text              ro code  0x08005330     0x4  startup_stm32f10x_cl.o [1]
  .text              ro code  0x08005334     0x4  startup_stm32f10x_cl.o [1]
  .text              ro code  0x08005338     0x4  startup_stm32f10x_cl.o [1]
  .text              ro code  0x0800533c     0x4  startup_stm32f10x_cl.o [1]
  .text              ro code  0x08005340     0x4  startup_stm32f10x_cl.o [1]
  .text              ro code  0x08005344     0x4  startup_stm32f10x_cl.o [1]
  .text              ro code  0x08005348     0x4  startup_stm32f10x_cl.o [1]
  .text              ro code  0x0800534c     0x4  startup_stm32f10x_cl.o [1]
  .text              ro code  0x08005350     0x4  startup_stm32f10x_cl.o [1]
  .text              ro code  0x08005354     0x4  startup_stm32f10x_cl.o [1]
  .text              ro code  0x08005358     0x4  startup_stm32f10x_cl.o [1]
  .text              ro code  0x0800535c     0x4  startup_stm32f10x_cl.o [1]
  .text              ro code  0x08005360     0x4  startup_stm32f10x_cl.o [1]
  .text              ro code  0x08005364     0x4  startup_stm32f10x_cl.o [1]
  .text              ro code  0x08005368     0x4  startup_stm32f10x_cl.o [1]
  .text              ro code  0x0800536c     0x4  startup_stm32f10x_cl.o [1]
  .text              ro code  0x08005370     0x4  startup_stm32f10x_cl.o [1]
  .text              ro code  0x08005374     0x4  startup_stm32f10x_cl.o [1]
  .text              ro code  0x08005378     0x4  startup_stm32f10x_cl.o [1]
  .text              ro code  0x0800537c     0x4  startup_stm32f10x_cl.o [1]
  .text              ro code  0x08005380     0x4  startup_stm32f10x_cl.o [1]
  .text              ro code  0x08005384     0x4  startup_stm32f10x_cl.o [1]
  .text              ro code  0x08005388     0x4  startup_stm32f10x_cl.o [1]
  .text              ro code  0x0800538c     0x4  startup_stm32f10x_cl.o [1]
  .text              ro code  0x08005390     0x4  startup_stm32f10x_cl.o [1]
  .text              ro code  0x08005394     0x4  startup_stm32f10x_cl.o [1]
  .text              ro code  0x08005398     0x4  startup_stm32f10x_cl.o [1]
  .text              ro code  0x0800539c     0x4  startup_stm32f10x_cl.o [1]
  .rodata            const    0x080053a0     0x0  zero_init3.o [5]
  .rodata            const    0x080053a0     0x0  copy_init3.o [5]
                            - 0x080053a0  0x5250

"P2", part 1 of 3:                          0x54
  P2-1                        0x20000000    0x52  <Init block>
    .data            inited   0x20000000     0x4  alarm.o [1]
    .data            inited   0x20000004     0x4  alarm.o [1]
    .data            inited   0x20000008     0x4  alarm.o [1]
    .data            inited   0x2000000c     0xc  alarm.o [1]
    .data            inited   0x20000018    0x14  alarm.o [1]
    .data            inited   0x2000002c     0x4  alarm.o [1]
    .data            inited   0x20000030     0x4  alarm.o [1]
    .data            inited   0x20000034     0x4  alarm.o [1]
    .data            inited   0x20000038     0x4  alarm.o [1]
    .data            inited   0x2000003c    0x10  stm32f10x_rcc.o [1]
    .data            inited   0x2000004c     0x4  stm32f10x_rcc.o [1]
    .data            inited   0x20000050     0x2  alarm.o [1]
                            - 0x20000052    0x52

"P2", part 2 of 3:                          0x78
  .bss               zero     0x20000054    0x34  stm32f10x_it.o [1]
  .bss               zero     0x20000088    0x14  alarm.o [1]
  .bss               zero     0x2000009c     0x4  alarm.o [1]
  .bss               zero     0x200000a0     0x4  alarm.o [1]
  .bss               zero     0x200000a4     0x4  alarm.o [1]
  .bss               zero     0x200000a8     0x4  alarm.o [1]
  .bss               zero     0x200000ac     0x4  alarm.o [1]
  .bss               zero     0x200000b0     0x4  alarm.o [1]
  .bss               zero     0x200000b4     0x4  alarm.o [1]
  .bss               zero     0x200000b8     0x4  alarm.o [1]
  .bss               zero     0x200000bc     0x4  main.o [1]
  .bss               zero     0x200000c0     0x4  xfail_s.o [3]
  .bss               zero     0x200000c4     0x2  lcd.o [1]
  .bss               zero     0x200000c6     0x1  alarm.o [1]
  .bss               zero     0x200000c7     0x1  alarm.o [1]
  .bss               zero     0x200000c8     0x1  stm32f10x_it.o [1]
                            - 0x200000c9    0x75

"P2", part 3 of 3:                        0x1000
  CSTACK                      0x200000d0  0x1000  <Block>
    CSTACK           uninit   0x200000d0  0x1000  <Block tail>
                            - 0x200010d0  0x1000


*******************************************************************************
*** INIT TABLE
***

          Address     Size
          -------     ----
Zero (__iar_zero_init3)
    1 destination range, total size 0x75:
          0x20000054  0x75

Copy (__iar_copy_init3)
    1 source range, total size 0x54 (102% of destination):
          0x08004fb8  0x54
    1 destination range, total size 0x52:
          0x20000000  0x52



*******************************************************************************
*** MODULE SUMMARY
***

    Module                  ro code  ro data  rw data
    ------                  -------  -------  -------
C:\tue_team2\edl_02\project_test\Debug\Obj: [1]
    alarm.o                   1 780      306      116
    hw_config.o               1 798       84
    lcd.o                     1 252    4 088        2
    main.o                      140       88        4
    misc.o                      128
    startup_stm32f10x_cl.o      632
    stm32f10x_adc.o             430
    stm32f10x_dma.o              88
    stm32f10x_exti.o            192
    stm32f10x_gpio.o            492
    stm32f10x_it.o              476       40       53
    stm32f10x_rcc.o             396       20       20
    stm32f10x_tim.o             284
    stm32f10x_usart.o           438
    system_stm32f10x.o          420
    touch.o                      88
    -------------------------------------------------
    Total:                    9 034    4 626      195

command line: [2]
    -------------------------------------------------
    Total:

dl7M_tln.a: [3]
    abort.o                       6
    abs.o                         8
    exit.o                        4
    iar_Stoulx.o                372
    low_level_init.o              4
    sprintf.o                    64
    xfail_s.o                    64                 4
    xprintffull_nomb.o        3 618
    xsprout.o                    10
    -------------------------------------------------
    Total:                    4 150                 4

m7M_tl.a: [4]
    DblAdd.o                    360
    DblCmpGe.o                   46
    DblCmpLe.o                   46
    DblDiv.o                    582
    DblMul.o                    418
    DblSub.o                    226
    DblToS32.o                   58
    DblToU32.o                   40
    S32ToDbl.o                   34
    U32ToDbl.o                   26
    frexp.o                     112
    ldexp.o                     314
    -------------------------------------------------
    Total:                    2 262

rt7M_tl.a: [5]
    ABImemcpy.o                 166
    I64DivMod.o                 558
    I64DivZer.o                   2
    cexit.o                      10
    cmain.o                      30
    copy_init3.o                 44
    cstartup_M.o                 12
    data_init.o                  40
    memchr.o                     88
    strchr.o                     22
    strcmp.o                     74
    strcpy.o                     76
    strlen.o                     54
    zero_init3.o                 64
    -------------------------------------------------
    Total:                    1 240

shb_l.a: [6]
    exit.o                       20
    -------------------------------------------------
    Total:                       20

    Gaps                         36        2
    Linker created                        38    4 096
-----------------------------------------------------
    Grand Total:             16 742    4 666    4 295


*******************************************************************************
*** ENTRY LIST
***

Entry                      Address   Size  Type      Object
-----                      -------   ----  ----      ------
.iar.init_table$$Base   0x08005108          --   Gb  - Linker created -
.iar.init_table$$Limit  0x0800512c          --   Gb  - Linker created -
?main                   0x0800512d         Code  Gb  cmain.o [5]
ADC1_2_IRQHandler       0x08004b37    0xe  Code  Gb  stm32f10x_it.o [1]
ADCPrescTable           0x2000004c    0x4  Data  Lc  stm32f10x_rcc.o [1]
ADC_ClearITPendingBit   0x08002bf1    0xe  Code  Gb  stm32f10x_adc.o [1]
ADC_Cmd                 0x08002a9b   0x1a  Code  Gb  stm32f10x_adc.o [1]
ADC_Configure           0x08002233   0x74  Code  Gb  hw_config.o [1]
ADC_DMACmd              0x08002ab5   0x1a  Code  Gb  stm32f10x_adc.o [1]
ADC_GetCalibrationStatus
                        0x08002af5   0x12  Code  Gb  stm32f10x_adc.o [1]
ADC_GetResetCalibrationStatus
                        0x08002ad9   0x12  Code  Gb  stm32f10x_adc.o [1]
ADC_Init                0x08002a51   0x4a  Code  Gb  stm32f10x_adc.o [1]
ADC_RegularChannelConfig
                        0x08002b21   0xc6  Code  Gb  stm32f10x_adc.o [1]
ADC_ResetCalibration    0x08002acf    0xa  Code  Gb  stm32f10x_adc.o [1]
ADC_SoftwareStartConvCmd
                        0x08002b07   0x1a  Code  Gb  stm32f10x_adc.o [1]
ADC_StartCalibration    0x08002aeb    0xa  Code  Gb  stm32f10x_adc.o [1]
ADC_Value               0x200000bc    0x4  Data  Gb  main.o [1]
APBAHBPrescTable        0x2000003c   0x10  Data  Lc  stm32f10x_rcc.o [1]
Alarm_GetElapsedSeconds
                        0x08002deb    0xa  Code  Gb  alarm.o [1]
Alarm_GetState          0x08002de1    0xa  Code  Gb  alarm.o [1]
Alarm_Init              0x08002d01   0x3a  Code  Gb  alarm.o [1]
Alarm_Process           0x08002df5  0x46a  Code  Gb  alarm.o [1]
Alarm_Process::dist_C   0x200000b0    0x4  Data  Lc  alarm.o [1]
Alarm_Process::dist_L   0x200000ac    0x4  Data  Lc  alarm.o [1]
Alarm_Process::dist_R   0x200000b4    0x4  Data  Lc  alarm.o [1]
Alarm_Process::last_action
                        0x20000088   0x14  Data  Lc  alarm.o [1]
Alarm_Process::last_dist_C
                        0x20000034    0x4  Data  Lc  alarm.o [1]
Alarm_Process::last_dist_L
                        0x20000030    0x4  Data  Lc  alarm.o [1]
Alarm_Process::last_dist_R
                        0x20000038    0x4  Data  Lc  alarm.o [1]
Alarm_Process::last_sec
                        0x2000002c    0x4  Data  Lc  alarm.o [1]
Alarm_Process::last_state
                        0x200000c7    0x1  Data  Lc  alarm.o [1]
Alarm_Process::sensor_timer
                        0x200000b8    0x4  Data  Lc  alarm.o [1]
Alarm_Process::stability_count
                        0x200000a8    0x4  Data  Lc  alarm.o [1]
Alarm_Process{9}{10}{19}::last_rain_val
                        0x20000050    0x2  Data  Lc  alarm.o [1]
Alarm_Reset             0x08002d3b   0x4c  Code  Gb  alarm.o [1]
Alarm_Start             0x08002d87   0x5a  Code  Gb  alarm.o [1]
Buzzer_Sound            0x08002c37   0x6c  Code  Lc  alarm.o [1]
CSTACK$$Base            0x200000d0          --   Gb  - Linker created -
CSTACK$$Limit           0x200010d0          --   Gb  - Linker created -
DMA_Cmd                 0x08002a35   0x1c  Code  Gb  stm32f10x_dma.o [1]
DMA_Configure           0x080021e9   0x4a  Code  Gb  hw_config.o [1]
DMA_Init                0x080029f9   0x3c  Code  Gb  stm32f10x_dma.o [1]
Delay_us                0x08001c41   0x1a  Code  Lc  hw_config.o [1]
DeviceCode              0x200000c4    0x2  Data  Gb  lcd.o [1]
EXTI0_IRQHandler        0x08004a01   0x3a  Code  Gb  stm32f10x_it.o [1]
EXTI1_IRQHandler        0x08004b07   0x30  Code  Gb  stm32f10x_it.o [1]
EXTI_ClearITPendingBit  0x080029dd    0x6  Code  Gb  stm32f10x_exti.o [1]
EXTI_GetITStatus        0x080029bd   0x20  Code  Gb  stm32f10x_exti.o [1]
EXTI_Init               0x08002939   0x84  Code  Gb  stm32f10x_exti.o [1]
GBHZ_16                 0x08003f84  0x594  Data  Gb  lcd.o [1]
GPIO_Configure          0x08001c7b   0xdc  Code  Gb  hw_config.o [1]
GPIO_EXTILineConfig     0x0800265d   0x56  Code  Gb  stm32f10x_gpio.o [1]
GPIO_Init               0x080024d5   0xc4  Code  Gb  stm32f10x_gpio.o [1]
GPIO_PinRemapConfig     0x080025d3   0x8a  Code  Gb  stm32f10x_gpio.o [1]
GPIO_ReadInputDataBit   0x08002599   0x14  Code  Gb  stm32f10x_gpio.o [1]
GPIO_ReadOutputDataBit  0x080025ad   0x14  Code  Gb  stm32f10x_gpio.o [1]
GPIO_ResetBits          0x080025c7    0x6  Code  Gb  stm32f10x_gpio.o [1]
GPIO_SetBits            0x080025c1    0x6  Code  Gb  stm32f10x_gpio.o [1]
GPIO_Write              0x080025cd    0x6  Code  Gb  stm32f10x_gpio.o [1]
Get_Ultrasonic_Dist     0x08001fdb   0x9e  Code  Gb  hw_config.o [1]
LCD_Clear               0x080034ed   0x28  Code  Gb  lcd.o [1]
LCD_SetCursor           0x08003515   0x3e  Code  Gb  lcd.o [1]
LCD_ShowChar            0x08003593  0x100  Code  Gb  lcd.o [1]
LCD_ShowCharString      0x08003693   0x58  Code  Gb  lcd.o [1]
LCD_ShowHzString        0x08003873   0x62  Code  Gb  lcd.o [1]
LCD_ShowString          0x080036eb   0x5e  Code  Gb  lcd.o [1]
LCD_WR_DATA             0x0800346b   0x5a  Code  Lc  lcd.o [1]
LCD_WR_REG              0x08003411   0x5a  Code  Lc  lcd.o [1]
LCD_WindowMax           0x08003553   0x40  Code  Gb  lcd.o [1]
LCD_WriteRAM            0x080034e3    0xa  Code  Lc  lcd.o [1]
LCD_WriteRAM_Prepare    0x080034d9    0xa  Code  Lc  lcd.o [1]
LCD_WriteReg            0x080034c5   0x14  Code  Lc  lcd.o [1]
LoadInt                 0x08000303   0x7a  Code  Lc  xprintffull_nomb.o [3]
Motor_Backward          0x08001ed7   0x96  Code  Gb  hw_config.o [1]
Motor_Configure         0x08001dff   0x42  Code  Gb  hw_config.o [1]
Motor_Forward           0x08001e41   0x96  Code  Gb  hw_config.o [1]
Motor_Stop              0x08001fbd   0x1e  Code  Gb  hw_config.o [1]
Motor_TurnLeft          0x08001f6d   0x2a  Code  Gb  hw_config.o [1]
Motor_TurnRight         0x08001f97   0x26  Code  Gb  hw_config.o [1]
NVIC_Configure          0x08002105   0xe4  Code  Gb  hw_config.o [1]
NVIC_Init               0x080028c3   0x60  Code  Gb  misc.o [1]
NVIC_PriorityGroupConfig
                        0x080028b9    0xa  Code  Gb  misc.o [1]
Play_Reveille           0x08002ca3   0x5e  Code  Gb  alarm.o [1]
Play_Reveille::note_idx
                        0x200000a4    0x4  Data  Lc  alarm.o [1]
RCC_AHBPeriphClockCmd   0x0800244d   0x20  Code  Gb  stm32f10x_rcc.o [1]
RCC_APB1PeriphClockCmd  0x0800248d   0x20  Code  Gb  stm32f10x_rcc.o [1]
RCC_APB2PeriphClockCmd  0x0800246d   0x20  Code  Gb  stm32f10x_rcc.o [1]
RCC_Configure           0x08001c5b   0x20  Code  Gb  hw_config.o [1]
RCC_GetClocksFreq       0x08002349  0x104  Code  Gb  stm32f10x_rcc.o [1]
Region$$Table$$Base     0x08005108          --   Gb  - Linker created -
Region$$Table$$Limit    0x0800512c          --   Gb  - Linker created -
Sensor_Mode_Reset       0x08002321   0x26  Code  Gb  hw_config.o [1]
Sensor_Mode_WaitRain    0x08002301   0x20  Code  Gb  hw_config.o [1]
SetSysClock             0x08004d43    0x8  Code  Lc  system_stm32f10x.o [1]
SetSysClockTo72         0x08004d4b  0x110  Code  Lc  system_stm32f10x.o [1]
SystemInit              0x08004cdd   0x66  Code  Gb  system_stm32f10x.o [1]
TIM2_IRQHandler         0x0800498d   0x74  Code  Gb  stm32f10x_it.o [1]
TIM_ClearITPendingBit   0x080033df    0x8  Code  Gb  stm32f10x_tim.o [1]
TIM_Cmd                 0x08003387   0x1c  Code  Gb  stm32f10x_tim.o [1]
TIM_GetITStatus         0x080033bb   0x24  Code  Gb  stm32f10x_tim.o [1]
TIM_ITConfig            0x080033a3   0x18  Code  Gb  stm32f10x_tim.o [1]
TIM_TimeBaseInit        0x080032f5   0x92  Code  Gb  stm32f10x_tim.o [1]
Time_Format             0x08002c01   0x36  Code  Gb  alarm.o [1]
Touch_Configuration     0x08004f0d   0x52  Code  Gb  touch.o [1]
USART1_IRQHandler       0x08004a3b   0x38  Code  Gb  stm32f10x_it.o [1]
USART1_Init             0x08002079   0x46  Code  Gb  hw_config.o [1]
USART2_IRQHandler       0x08004a73   0x94  Code  Gb  stm32f10x_it.o [1]
USART2_Init             0x080020bf   0x46  Code  Gb  hw_config.o [1]
USART2_SendString       0x080022a7   0x26  Code  Gb  hw_config.o [1]
USART_ClearITPendingBit
                        0x080028a1   0x16  Code  Gb  stm32f10x_usart.o [1]
USART_Cmd               0x080027bd   0x1c  Code  Gb  stm32f10x_usart.o [1]
USART_GetFlagStatus     0x08002833   0x12  Code  Gb  stm32f10x_usart.o [1]
USART_GetITStatus       0x08002845   0x5c  Code  Gb  stm32f10x_usart.o [1]
USART_ITConfig          0x080027d9   0x4a  Code  Gb  stm32f10x_usart.o [1]
USART_Init              0x08002701   0xb6  Code  Gb  stm32f10x_usart.o [1]
USART_ReceiveData       0x0800282b    0x8  Code  Gb  stm32f10x_usart.o [1]
USART_SendData          0x08002823    0x8  Code  Gb  stm32f10x_usart.o [1]
Ultrasonic_Configure    0x08001d57   0xa8  Code  Gb  hw_config.o [1]
WriteOneHz              0x08003791   0xe2  Code  Lc  lcd.o [1]
_GenldFullNoMb          0x08000c71  0x274  Code  Lc  xprintffull_nomb.o [3]
_LdtobFullNoMb          0x08000845  0x3fe  Code  Lc  xprintffull_nomb.o [3]
_LitobFullNoMb          0x080006ed  0x112  Code  Lc  xprintffull_nomb.o [3]
_PrintfFullNoMb         0x08000151  0x1a4  Code  Gb  xprintffull_nomb.o [3]
_PutcharsFullNoMb       0x08000ee5   0x2e  Code  Lc  xprintffull_nomb.o [3]
_PutfldFullNoMb         0x0800037d  0x264  Code  Lc  xprintffull_nomb.o [3]
_PuttxtFullNoMb         0x080005e1  0x10c  Code  Lc  xprintffull_nomb.o [3]
_SProut                 0x08000f73    0xa  Code  Gb  xsprout.o [3]
__aeabi_cdcmple         0x08001551         Code  Gb  DblCmpLe.o [4]
__aeabi_cdrcmple        0x08001581         Code  Gb  DblCmpGe.o [4]
__aeabi_d2iz            0x080016ed         Code  Gb  DblToS32.o [4]
__aeabi_d2uiz           0x08001a79         Code  Gb  DblToU32.o [4]
__aeabi_ddiv            0x08001831         Code  Gb  DblDiv.o [4]
__aeabi_dmul            0x08001295         Code  Gb  DblMul.o [4]
__aeabi_dsub            0x0800174d         Code  Gb  DblSub.o [4]
__aeabi_i2d             0x08001729         Code  Gb  S32ToDbl.o [4]
__aeabi_ldiv0           0x08001ac1         Code  Gb  I64DivZer.o [5]
__aeabi_memcpy          0x08001439         Code  Gb  ABImemcpy.o [5]
__aeabi_memcpy4         0x08001459         Code  Gb  ABImemcpy.o [5]
__aeabi_memcpy8         0x08001459         Code  Gb  ABImemcpy.o [5]
__aeabi_ui2d            0x08001aa1         Code  Gb  U32ToDbl.o [4]
__aeabi_uldivmod        0x08001065         Code  Gb  I64DivMod.o [5]
__cmain                 0x0800512d         Code  Gb  cmain.o [5]
__exit                  0x08001c2d   0x14  Code  Gb  exit.o [6]
__iar_Fail_s            0x08000f95   0x1c  Code  Gb  xfail_s.o [3]
__iar_Memchr            0x0800100d         Code  Gb  memchr.o [5]
__iar_Stoulx            0x08004b69  0x114  Code  Gb  iar_Stoulx.o [3]
__iar_Strchr            0x08000f7d         Code  Gb  strchr.o [5]
__iar_copy_init3        0x0800508d   0x2c  Code  Gb  copy_init3.o [5]
__iar_dadd              0x0800175d         Code  Gb  DblSub.o [4]
__iar_data_init3        0x080050e1   0x28  Code  Gb  data_init.o [5]
__iar_dsub              0x08001ac5         Code  Gb  DblAdd.o [4]
__iar_dsubStart         0x08001ad7         Code  Gb  DblAdd.o [4]
__iar_frexp             0x080014ed         Code  Gb  frexp.o [4]
__iar_frexp64           0x080014e1         Code  Gb  frexp.o [4]
__iar_frexpl            0x080014ed         Code  Gb  frexp.o [4]
__iar_ldexp64           0x080015b1         Code  Gb  ldexp.o [4]
__iar_program_start     0x0800525d         Code  Gb  cstartup_M.o [5]
__iar_scalbln64         0x080015b1         Code  Gb  ldexp.o [4]
__iar_scalbn64          0x080015b1         Code  Gb  ldexp.o [4]
__iar_systems$$module {Abs}
                        0x00000001         Data  Gb  command line/config [2]
__iar_zero_init3        0x0800504d   0x40  Code  Gb  zero_init3.o [5]
__low_level_init        0x0800514b    0x4  Code  Gb  low_level_init.o [3]
__vector_table          0x08000000         Data  Gb  startup_stm32f10x_cl.o [1]
_call_main              0x08005139         Code  Gb  cmain.o [5]
_exit                   0x08005155         Code  Gb  cexit.o [5]
_main                   0x08005147         Code  Gb  cmain.o [5]
abort                   0x08001abb    0x6  Code  Gb  abort.o [3]
abs                     0x0800398d    0x8  Code  Gb  abs.o [3]
alarm_state             0x200000c6    0x1  Data  Lc  alarm.o [1]
asc2_1206               0x08004518  0x474  Data  Gb  lcd.o [1]
asc2_1608               0x08003994  0x5f0  Data  Gb  lcd.o [1]
atoi                    0x08004c83    0x2  Code  Gb  iar_Stoulx.o [3]
countdown_seconds       0x2000009c    0x4  Data  Lc  alarm.o [1]
digits                  0x08004c8c   0x28  Data  Lc  iar_Stoulx.o [3]
elapsed_seconds         0x200000a0    0x4  Data  Lc  alarm.o [1]
exit                    0x0800514f    0x4  Code  Gb  exit.o [3]
findHzIndex             0x08003749   0x48  Code  Lc  lcd.o [1]
frexp                   0x080014e1         Code  Gb  frexp.o [4]
frexpl                  0x080014e1         Code  Gb  frexp.o [4]
ldexp                   0x080015b1         Code  Gb  ldexp.o [4]
ldexpl                  0x080015b1         Code  Gb  ldexp.o [4]
main                    0x08004e81   0x8c  Code  Gb  main.o [1]
memchr                  0x0800100d         Code  Gb  memchr.o [5]
ndigs                   0x08004cb4   0x28  Data  Lc  iar_Stoulx.o [3]
p_alarm_state           0x20000008    0x4  Data  Gb  alarm.o [1]
p_countdown_seconds     0x20000000    0x4  Data  Gb  alarm.o [1]
p_elapsed_seconds       0x20000004    0x4  Data  Gb  alarm.o [1]
reveille_beats          0x20000018   0x14  Data  Gb  alarm.o [1]
reveille_notes          0x2000000c    0xc  Data  Gb  alarm.o [1]
rx_buffer               0x20000054   0x34  Data  Gb  stm32f10x_it.o [1]
rx_index                0x200000c8    0x1  Data  Gb  stm32f10x_it.o [1]
scalbln                 0x080015b1         Code  Gb  ldexp.o [4]
scalblnl                0x080015b1         Code  Gb  ldexp.o [4]
scalbn                  0x080015b1         Code  Gb  ldexp.o [4]
scalbnl                 0x080015b1         Code  Gb  ldexp.o [4]
scale                   0x080007ff   0x46  Code  Lc  xprintffull_nomb.o [3]
sec_hand                0x200000c0    0x4  Data  Lc  xfail_s.o [3]
sprintf                 0x080026c1   0x40  Code  Gb  sprintf.o [3]
strchr                  0x08000f7d         Code  Gb  strchr.o [5]
strcmp                  0x080038f5         Code  Gb  strcmp.o [5]
strcpy                  0x08003941         Code  Gb  strcpy.o [5]
strlen                  0x08000fd5         Code  Gb  strlen.o [5]


[1] = C:\tue_team2\edl_02\project_test\Debug\Obj
[2] = command line
[3] = dl7M_tln.a
[4] = m7M_tl.a
[5] = rt7M_tl.a
[6] = shb_l.a

  16 742 bytes of readonly  code memory
   4 666 bytes of readonly  data memory
   4 295 bytes of readwrite data memory

Errors: none
Warnings: none
