###############################################################################
#
# IAR ELF Linker V8.22.1.15669/W32 for ARM                23/Dec/2025  00:37:30
# Copyright 2007-2018 IAR Systems AB.
#
#    Output file  =  C:\tue_team02\edl_02\project_test\Debug\Exe\week3.out
#    Map file     =  C:\tue_team02\edl_02\project_test\Debug\List\week3.map
#    Command line =  
#        -f C:\Users\pnu1\AppData\Local\Temp\EWC40C.tmp
#        (C:\tue_team02\edl_02\project_test\Debug\Obj\alarm.o
#        C:\tue_team02\edl_02\project_test\Debug\Obj\core_cm3.o
#        C:\tue_team02\edl_02\project_test\Debug\Obj\hw_config.o
#        C:\tue_team02\edl_02\project_test\Debug\Obj\lcd.o
#        C:\tue_team02\edl_02\project_test\Debug\Obj\main.o
#        C:\tue_team02\edl_02\project_test\Debug\Obj\misc.o
#        C:\tue_team02\edl_02\project_test\Debug\Obj\startup_stm32f10x_cl.o
#        C:\tue_team02\edl_02\project_test\Debug\Obj\stm32f10x_adc.o
#        C:\tue_team02\edl_02\project_test\Debug\Obj\stm32f10x_bkp.o
#        C:\tue_team02\edl_02\project_test\Debug\Obj\stm32f10x_can.o
#        C:\tue_team02\edl_02\project_test\Debug\Obj\stm32f10x_cec.o
#        C:\tue_team02\edl_02\project_test\Debug\Obj\stm32f10x_crc.o
#        C:\tue_team02\edl_02\project_test\Debug\Obj\stm32f10x_dac.o
#        C:\tue_team02\edl_02\project_test\Debug\Obj\stm32f10x_dbgmcu.o
#        C:\tue_team02\edl_02\project_test\Debug\Obj\stm32f10x_dma.o
#        C:\tue_team02\edl_02\project_test\Debug\Obj\stm32f10x_exti.o
#        C:\tue_team02\edl_02\project_test\Debug\Obj\stm32f10x_flash.o
#        C:\tue_team02\edl_02\project_test\Debug\Obj\stm32f10x_fsmc.o
#        C:\tue_team02\edl_02\project_test\Debug\Obj\stm32f10x_gpio.o
#        C:\tue_team02\edl_02\project_test\Debug\Obj\stm32f10x_i2c.o
#        C:\tue_team02\edl_02\project_test\Debug\Obj\stm32f10x_it.o
#        C:\tue_team02\edl_02\project_test\Debug\Obj\stm32f10x_iwdg.o
#        C:\tue_team02\edl_02\project_test\Debug\Obj\stm32f10x_pwr.o
#        C:\tue_team02\edl_02\project_test\Debug\Obj\stm32f10x_rcc.o
#        C:\tue_team02\edl_02\project_test\Debug\Obj\stm32f10x_rtc.o
#        C:\tue_team02\edl_02\project_test\Debug\Obj\stm32f10x_sdio.o
#        C:\tue_team02\edl_02\project_test\Debug\Obj\stm32f10x_spi.o
#        C:\tue_team02\edl_02\project_test\Debug\Obj\stm32f10x_tim.o
#        C:\tue_team02\edl_02\project_test\Debug\Obj\stm32f10x_usart.o
#        C:\tue_team02\edl_02\project_test\Debug\Obj\stm32f10x_wwdg.o
#        C:\tue_team02\edl_02\project_test\Debug\Obj\system_stm32f10x.o
#        C:\tue_team02\edl_02\project_test\Debug\Obj\touch.o -o
#        C:\tue_team02\edl_02\project_test\Debug\Exe\week3.out --map
#        C:\tue_team02\edl_02\project_test\Debug\List\week3.map --log
#        libraries,initialization,modules,redirects,sections,veneers,unused_fragments,call_graph
#        --log_file C:\tue_team02\edl_02\project_test\Debug\List\week3.log
#        --config C:\tue_team02\edl_02\project_test\myicf.icf --semihosting
#        --entry __iar_program_start --vfe --text_out locale)
#
###############################################################################

*******************************************************************************
*** RUNTIME MODEL ATTRIBUTES
***

CppFlavor       = *
__SystemLibrary = DLib
__dlib_version  = 6


*******************************************************************************
*** HEAP SELECTION
***

The basic heap was selected because no calls to memory allocation
functions were found in the application outside of system library
functions, and there are calls to deallocation functions in the
application.


*******************************************************************************
*** PLACEMENT SUMMARY
***

"A0":  place at 0x08000000 { ro section .intvec };
"P1":  place in [from 0x08000000 to 0x0807ffff] { ro };
define block CSTACK with size = 4K, alignment = 8 { };
define block HEAP with size = 4K, alignment = 8 { };
"P2":  place in [from 0x20000000 to 0x20007fff] {
          rw, block CSTACK, block HEAP };
initialize by copy { rw };

  Section            Kind        Address    Size  Object
  -------            ----        -------    ----  ------
"A0":                                      0x150
  .intvec            ro code  0x08000000   0x150  startup_stm32f10x_cl.o [1]
                            - 0x08000150   0x150

"P1":                                     0x4098
  .text              ro code  0x08000150   0x970  lcd.o [1]
  .text              ro code  0x08000ac0   0x1dc  stm32f10x_gpio.o [1]
  .text              ro code  0x08000c9c   0x18c  stm32f10x_rcc.o [1]
  .text              ro code  0x08000e28   0x6f4  alarm.o [1]
  .text              ro code  0x0800151c    0x40  sprintf.o [3]
  .text              ro code  0x0800155c   0x11c  stm32f10x_tim.o [1]
  .text              ro code  0x08001678   0x632  hw_config.o [1]
  .text              ro code  0x08001caa     0xa  xsprout.o [3]
  .text              ro code  0x08001cb4    0x4a  strcmp.o [5]
  .text              ro code  0x08001d00    0x4c  strcpy.o [5]
  .text              ro code  0x08001d4c     0x8  abs.o [3]
  .text              ro code  0x08001d54   0x4d4  xprintfsmall_nomb.o [3]
  .text              ro code  0x08002228   0x1b6  stm32f10x_usart.o [1]
  .text              ro code  0x080023e0    0x80  misc.o [1]
  .text              ro code  0x08002460    0xc0  stm32f10x_exti.o [1]
  .text              ro code  0x08002520    0x58  stm32f10x_dma.o [1]
  .text              ro code  0x08002578   0x1ae  stm32f10x_adc.o [1]
  .text              ro code  0x08002728    0x16  strchr.o [5]
  .text              ro code  0x08002740    0x40  xfail_s.o [3]
  .text              ro code  0x08002780    0x36  strlen.o [5]
  .text              ro code  0x080027b8    0x58  memchr.o [5]
  .text              ro code  0x08002810     0x6  abort.o [3]
  .text              ro code  0x08002818    0x14  exit.o [6]
  .rodata            const    0x0800282c   0x5f0  lcd.o [1]
  .rodata            const    0x08002e1c   0x594  lcd.o [1]
  .rodata            const    0x080033b0   0x474  lcd.o [1]
  .text              ro code  0x08003824   0x1dc  stm32f10x_it.o [1]
  .text              ro code  0x08003a00   0x174  iar_Stoulx.o [3]
  .text              ro code  0x08003b74   0x1a4  system_stm32f10x.o [1]
  .text              ro code  0x08003d18    0x90  main.o [1]
  .text              ro code  0x08003da8    0x58  touch.o [1]
  Initializer bytes  const    0x08003e00    0x54  <for P2-1>
  .rodata            const    0x08003e54    0x40  main.o [1]
  .text              ro code  0x08003e94    0x40  zero_init3.o [5]
  .text              ro code  0x08003ed4    0x2c  copy_init3.o [5]
  .rodata            const    0x08003f00    0x28  stm32f10x_it.o [1]
  .text              ro code  0x08003f28    0x28  data_init.o [5]
  .iar.init_table    const    0x08003f50    0x24  - Linker created -
  .text              ro code  0x08003f74    0x1e  cmain.o [5]
  .text              ro code  0x08003f92     0x4  low_level_init.o [3]
  .text              ro code  0x08003f96     0x4  exit.o [3]
  .text              ro code  0x08003f9c     0xa  cexit.o [5]
  .rodata            const    0x08003fa8    0x18  main.o [1]
  .rodata            const    0x08003fc0    0x14  alarm.o [1]
  .rodata            const    0x08003fd4    0x14  alarm.o [1]
  .rodata            const    0x08003fe8    0x14  alarm.o [1]
  .rodata            const    0x08003ffc    0x10  alarm.o [1]
  .rodata            const    0x0800400c    0x10  alarm.o [1]
  .rodata            const    0x0800401c    0x10  alarm.o [1]
  .rodata            const    0x0800402c    0x10  alarm.o [1]
  .rodata            const    0x0800403c    0x10  alarm.o [1]
  .rodata            const    0x0800404c    0x10  alarm.o [1]
  .rodata            const    0x0800405c    0x10  alarm.o [1]
  .rodata            const    0x0800406c    0x10  alarm.o [1]
  .text              ro code  0x0800407c    0x10  startup_stm32f10x_cl.o [1]
  .rodata            const    0x0800408c     0xc  alarm.o [1]
  .rodata            const    0x08004098     0xc  alarm.o [1]
  .text              ro code  0x080040a4     0xc  cstartup_M.o [5]
  .rodata            const    0x080040b0     0x8  alarm.o [1]
  .rodata            const    0x080040b8     0x8  alarm.o [1]
  .rodata            const    0x080040c0     0x8  alarm.o [1]
  .rodata            const    0x080040c8     0x8  alarm.o [1]
  .text              ro code  0x080040d0     0x4  startup_stm32f10x_cl.o [1]
  .text              ro code  0x080040d4     0x4  startup_stm32f10x_cl.o [1]
  .text              ro code  0x080040d8     0x4  startup_stm32f10x_cl.o [1]
  .text              ro code  0x080040dc     0x4  startup_stm32f10x_cl.o [1]
  .text              ro code  0x080040e0     0x4  startup_stm32f10x_cl.o [1]
  .text              ro code  0x080040e4     0x4  startup_stm32f10x_cl.o [1]
  .text              ro code  0x080040e8     0x4  startup_stm32f10x_cl.o [1]
  .text              ro code  0x080040ec     0x4  startup_stm32f10x_cl.o [1]
  .text              ro code  0x080040f0     0x4  startup_stm32f10x_cl.o [1]
  .text              ro code  0x080040f4     0x4  startup_stm32f10x_cl.o [1]
  .text              ro code  0x080040f8     0x4  startup_stm32f10x_cl.o [1]
  .text              ro code  0x080040fc     0x4  startup_stm32f10x_cl.o [1]
  .text              ro code  0x08004100     0x4  startup_stm32f10x_cl.o [1]
  .text              ro code  0x08004104     0x4  startup_stm32f10x_cl.o [1]
  .text              ro code  0x08004108     0x4  startup_stm32f10x_cl.o [1]
  .text              ro code  0x0800410c     0x4  startup_stm32f10x_cl.o [1]
  .text              ro code  0x08004110     0x4  startup_stm32f10x_cl.o [1]
  .text              ro code  0x08004114     0x4  startup_stm32f10x_cl.o [1]
  .text              ro code  0x08004118     0x4  startup_stm32f10x_cl.o [1]
  .text              ro code  0x0800411c     0x4  startup_stm32f10x_cl.o [1]
  .text              ro code  0x08004120     0x4  startup_stm32f10x_cl.o [1]
  .text              ro code  0x08004124     0x4  startup_stm32f10x_cl.o [1]
  .text              ro code  0x08004128     0x4  startup_stm32f10x_cl.o [1]
  .text              ro code  0x0800412c     0x4  startup_stm32f10x_cl.o [1]
  .text              ro code  0x08004130     0x4  startup_stm32f10x_cl.o [1]
  .text              ro code  0x08004134     0x4  startup_stm32f10x_cl.o [1]
  .text              ro code  0x08004138     0x4  startup_stm32f10x_cl.o [1]
  .text              ro code  0x0800413c     0x4  startup_stm32f10x_cl.o [1]
  .text              ro code  0x08004140     0x4  startup_stm32f10x_cl.o [1]
  .text              ro code  0x08004144     0x4  startup_stm32f10x_cl.o [1]
  .text              ro code  0x08004148     0x4  startup_stm32f10x_cl.o [1]
  .text              ro code  0x0800414c     0x4  startup_stm32f10x_cl.o [1]
  .text              ro code  0x08004150     0x4  startup_stm32f10x_cl.o [1]
  .text              ro code  0x08004154     0x4  startup_stm32f10x_cl.o [1]
  .text              ro code  0x08004158     0x4  startup_stm32f10x_cl.o [1]
  .text              ro code  0x0800415c     0x4  startup_stm32f10x_cl.o [1]
  .text              ro code  0x08004160     0x4  startup_stm32f10x_cl.o [1]
  .text              ro code  0x08004164     0x4  startup_stm32f10x_cl.o [1]
  .text              ro code  0x08004168     0x4  startup_stm32f10x_cl.o [1]
  .text              ro code  0x0800416c     0x4  startup_stm32f10x_cl.o [1]
  .text              ro code  0x08004170     0x4  startup_stm32f10x_cl.o [1]
  .text              ro code  0x08004174     0x4  startup_stm32f10x_cl.o [1]
  .text              ro code  0x08004178     0x4  startup_stm32f10x_cl.o [1]
  .text              ro code  0x0800417c     0x4  startup_stm32f10x_cl.o [1]
  .text              ro code  0x08004180     0x4  startup_stm32f10x_cl.o [1]
  .text              ro code  0x08004184     0x4  startup_stm32f10x_cl.o [1]
  .text              ro code  0x08004188     0x4  startup_stm32f10x_cl.o [1]
  .text              ro code  0x0800418c     0x4  startup_stm32f10x_cl.o [1]
  .text              ro code  0x08004190     0x4  startup_stm32f10x_cl.o [1]
  .text              ro code  0x08004194     0x4  startup_stm32f10x_cl.o [1]
  .text              ro code  0x08004198     0x4  startup_stm32f10x_cl.o [1]
  .text              ro code  0x0800419c     0x4  startup_stm32f10x_cl.o [1]
  .text              ro code  0x080041a0     0x4  startup_stm32f10x_cl.o [1]
  .text              ro code  0x080041a4     0x4  startup_stm32f10x_cl.o [1]
  .text              ro code  0x080041a8     0x4  startup_stm32f10x_cl.o [1]
  .text              ro code  0x080041ac     0x4  startup_stm32f10x_cl.o [1]
  .text              ro code  0x080041b0     0x4  startup_stm32f10x_cl.o [1]
  .text              ro code  0x080041b4     0x4  startup_stm32f10x_cl.o [1]
  .text              ro code  0x080041b8     0x4  startup_stm32f10x_cl.o [1]
  .text              ro code  0x080041bc     0x4  startup_stm32f10x_cl.o [1]
  .text              ro code  0x080041c0     0x4  startup_stm32f10x_cl.o [1]
  .text              ro code  0x080041c4     0x4  startup_stm32f10x_cl.o [1]
  .text              ro code  0x080041c8     0x4  startup_stm32f10x_cl.o [1]
  .text              ro code  0x080041cc     0x4  startup_stm32f10x_cl.o [1]
  .text              ro code  0x080041d0     0x4  startup_stm32f10x_cl.o [1]
  .text              ro code  0x080041d4     0x4  startup_stm32f10x_cl.o [1]
  .text              ro code  0x080041d8     0x4  startup_stm32f10x_cl.o [1]
  .text              ro code  0x080041dc     0x4  startup_stm32f10x_cl.o [1]
  .text              ro code  0x080041e0     0x4  startup_stm32f10x_cl.o [1]
  .text              ro code  0x080041e4     0x4  startup_stm32f10x_cl.o [1]
  .rodata            const    0x080041e8     0x0  zero_init3.o [5]
  .rodata            const    0x080041e8     0x0  copy_init3.o [5]
                            - 0x080041e8  0x4098

"P2", part 1 of 3:                          0x54
  P2-1                        0x20000000    0x52  <Init block>
    .data            inited   0x20000000     0x4  alarm.o [1]
    .data            inited   0x20000004     0x4  alarm.o [1]
    .data            inited   0x20000008     0x4  alarm.o [1]
    .data            inited   0x2000000c     0xc  alarm.o [1]
    .data            inited   0x20000018    0x14  alarm.o [1]
    .data            inited   0x2000002c     0x4  alarm.o [1]
    .data            inited   0x20000030     0x4  alarm.o [1]
    .data            inited   0x20000034     0x4  alarm.o [1]
    .data            inited   0x20000038     0x4  alarm.o [1]
    .data            inited   0x2000003c    0x10  stm32f10x_rcc.o [1]
    .data            inited   0x2000004c     0x4  stm32f10x_rcc.o [1]
    .data            inited   0x20000050     0x2  alarm.o [1]
                            - 0x20000052    0x52

"P2", part 2 of 3:                          0x78
  .bss               zero     0x20000054    0x34  stm32f10x_it.o [1]
  .bss               zero     0x20000088    0x14  alarm.o [1]
  .bss               zero     0x2000009c     0x4  alarm.o [1]
  .bss               zero     0x200000a0     0x4  alarm.o [1]
  .bss               zero     0x200000a4     0x4  alarm.o [1]
  .bss               zero     0x200000a8     0x4  alarm.o [1]
  .bss               zero     0x200000ac     0x4  alarm.o [1]
  .bss               zero     0x200000b0     0x4  alarm.o [1]
  .bss               zero     0x200000b4     0x4  alarm.o [1]
  .bss               zero     0x200000b8     0x4  alarm.o [1]
  .bss               zero     0x200000bc     0x4  main.o [1]
  .bss               zero     0x200000c0     0x4  xfail_s.o [3]
  .bss               zero     0x200000c4     0x2  lcd.o [1]
  .bss               zero     0x200000c6     0x1  alarm.o [1]
  .bss               zero     0x200000c7     0x1  alarm.o [1]
  .bss               zero     0x200000c8     0x1  stm32f10x_it.o [1]
                            - 0x200000c9    0x75

"P2", part 3 of 3:                        0x1000
  CSTACK                      0x200000d0  0x1000  <Block>
    CSTACK           uninit   0x200000d0  0x1000  <Block tail>
                            - 0x200010d0  0x1000


*******************************************************************************
*** INIT TABLE
***

          Address     Size
          -------     ----
Zero (__iar_zero_init3)
    1 destination range, total size 0x75:
          0x20000054  0x75

Copy (__iar_copy_init3)
    1 source range, total size 0x54 (102% of destination):
          0x08003e00  0x54
    1 destination range, total size 0x52:
          0x20000000  0x52



*******************************************************************************
*** MODULE SUMMARY
***

    Module                  ro code  ro data  rw data
    ------                  -------  -------  -------
C:\tue_team02\edl_02\project_test\Debug\Obj: [1]
    alarm.o                   1 780      306      116
    hw_config.o               1 586
    lcd.o                     2 416    4 088        2
    main.o                      144       88        4
    misc.o                      128
    startup_stm32f10x_cl.o      632
    stm32f10x_adc.o             430
    stm32f10x_dma.o              88
    stm32f10x_exti.o            192
    stm32f10x_gpio.o            476
    stm32f10x_it.o              476       40       53
    stm32f10x_rcc.o             396       20       20
    stm32f10x_tim.o             284
    stm32f10x_usart.o           438
    system_stm32f10x.o          420
    touch.o                      88
    -------------------------------------------------
    Total:                    9 974    4 542      195

command line: [2]
    -------------------------------------------------
    Total:

dl7M_tln.a: [3]
    abort.o                       6
    abs.o                         8
    exit.o                        4
    iar_Stoulx.o                372
    low_level_init.o              4
    sprintf.o                    64
    xfail_s.o                    64                 4
    xprintfsmall_nomb.o       1 236
    xsprout.o                    10
    -------------------------------------------------
    Total:                    1 768                 4

m7M_tl.a: [4]
    -------------------------------------------------
    Total:

rt7M_tl.a: [5]
    cexit.o                      10
    cmain.o                      30
    copy_init3.o                 44
    cstartup_M.o                 12
    data_init.o                  40
    memchr.o                     88
    strchr.o                     22
    strcmp.o                     74
    strcpy.o                     76
    strlen.o                     54
    zero_init3.o                 64
    -------------------------------------------------
    Total:                      514

shb_l.a: [6]
    exit.o                       20
    -------------------------------------------------
    Total:                       20

    Gaps                         14        2
    Linker created                        38    4 096
-----------------------------------------------------
    Grand Total:             12 290    4 582    4 295


*******************************************************************************
*** ENTRY LIST
***

Entry                      Address   Size  Type      Object
-----                      -------   ----  ----      ------
.iar.init_table$$Base   0x08003f50          --   Gb  - Linker created -
.iar.init_table$$Limit  0x08003f74          --   Gb  - Linker created -
?main                   0x08003f75         Code  Gb  cmain.o [5]
ADC1_2_IRQHandler       0x080039cf    0xe  Code  Gb  stm32f10x_it.o [1]
ADCPrescTable           0x2000004c    0x4  Data  Lc  stm32f10x_rcc.o [1]
ADC_ClearITPendingBit   0x08002719    0xe  Code  Gb  stm32f10x_adc.o [1]
ADC_Cmd                 0x080025c3   0x1a  Code  Gb  stm32f10x_adc.o [1]
ADC_Configure           0x08001b99   0x74  Code  Gb  hw_config.o [1]
ADC_DMACmd              0x080025dd   0x1a  Code  Gb  stm32f10x_adc.o [1]
ADC_GetCalibrationStatus
                        0x0800261d   0x12  Code  Gb  stm32f10x_adc.o [1]
ADC_GetResetCalibrationStatus
                        0x08002601   0x12  Code  Gb  stm32f10x_adc.o [1]
ADC_Init                0x08002579   0x4a  Code  Gb  stm32f10x_adc.o [1]
ADC_RegularChannelConfig
                        0x08002649   0xc6  Code  Gb  stm32f10x_adc.o [1]
ADC_ResetCalibration    0x080025f7    0xa  Code  Gb  stm32f10x_adc.o [1]
ADC_SoftwareStartConvCmd
                        0x0800262f   0x1a  Code  Gb  stm32f10x_adc.o [1]
ADC_StartCalibration    0x08002613    0xa  Code  Gb  stm32f10x_adc.o [1]
ADC_Value               0x200000bc    0x4  Data  Gb  main.o [1]
APBAHBPrescTable        0x2000003c   0x10  Data  Lc  stm32f10x_rcc.o [1]
Alarm_GetElapsedSeconds
                        0x08001013    0xa  Code  Gb  alarm.o [1]
Alarm_GetState          0x08001009    0xa  Code  Gb  alarm.o [1]
Alarm_Init              0x08000f29   0x3a  Code  Gb  alarm.o [1]
Alarm_Process           0x0800101d  0x46a  Code  Gb  alarm.o [1]
Alarm_Process::dist_C   0x200000b0    0x4  Data  Lc  alarm.o [1]
Alarm_Process::dist_L   0x200000ac    0x4  Data  Lc  alarm.o [1]
Alarm_Process::dist_R   0x200000b4    0x4  Data  Lc  alarm.o [1]
Alarm_Process::last_action
                        0x20000088   0x14  Data  Lc  alarm.o [1]
Alarm_Process::last_dist_C
                        0x20000034    0x4  Data  Lc  alarm.o [1]
Alarm_Process::last_dist_L
                        0x20000030    0x4  Data  Lc  alarm.o [1]
Alarm_Process::last_dist_R
                        0x20000038    0x4  Data  Lc  alarm.o [1]
Alarm_Process::last_sec
                        0x2000002c    0x4  Data  Lc  alarm.o [1]
Alarm_Process::last_state
                        0x200000c7    0x1  Data  Lc  alarm.o [1]
Alarm_Process::sensor_timer
                        0x200000b8    0x4  Data  Lc  alarm.o [1]
Alarm_Process::stability_count
                        0x200000a8    0x4  Data  Lc  alarm.o [1]
Alarm_Process{9}{10}{19}::last_rain_val
                        0x20000050    0x2  Data  Lc  alarm.o [1]
Alarm_Reset             0x08000f63   0x4c  Code  Gb  alarm.o [1]
Alarm_Start             0x08000faf   0x5a  Code  Gb  alarm.o [1]
Buzzer_Sound            0x08000e5f   0x6c  Code  Lc  alarm.o [1]
CSTACK$$Base            0x200000d0          --   Gb  - Linker created -
CSTACK$$Limit           0x200010d0          --   Gb  - Linker created -
DMA_Cmd                 0x0800255d   0x1c  Code  Gb  stm32f10x_dma.o [1]
DMA_Configure           0x08001b4f   0x4a  Code  Gb  hw_config.o [1]
DMA_Init                0x08002521   0x3c  Code  Gb  stm32f10x_dma.o [1]
Delay_us                0x08001679   0x1a  Code  Lc  hw_config.o [1]
DeviceCode              0x200000c4    0x2  Data  Gb  lcd.o [1]
EXTI0_IRQHandler        0x08003899   0x3a  Code  Gb  stm32f10x_it.o [1]
EXTI1_IRQHandler        0x0800399f   0x30  Code  Gb  stm32f10x_it.o [1]
EXTI_ClearITPendingBit  0x08002505    0x6  Code  Gb  stm32f10x_exti.o [1]
EXTI_GetITStatus        0x080024e5   0x20  Code  Gb  stm32f10x_exti.o [1]
EXTI_Init               0x08002461   0x84  Code  Gb  stm32f10x_exti.o [1]
GBHZ_16                 0x08002e1c  0x594  Data  Gb  lcd.o [1]
GPIO_Configure          0x080016b3   0xdc  Code  Gb  hw_config.o [1]
GPIO_EXTILineConfig     0x08000c3b   0x56  Code  Gb  stm32f10x_gpio.o [1]
GPIO_Init               0x08000ac1   0xc4  Code  Gb  stm32f10x_gpio.o [1]
GPIO_PinRemapConfig     0x08000bb1   0x8a  Code  Gb  stm32f10x_gpio.o [1]
GPIO_ReadInputData      0x08000b99    0x6  Code  Gb  stm32f10x_gpio.o [1]
GPIO_ReadInputDataBit   0x08000b85   0x14  Code  Gb  stm32f10x_gpio.o [1]
GPIO_ResetBits          0x08000ba5    0x6  Code  Gb  stm32f10x_gpio.o [1]
GPIO_SetBits            0x08000b9f    0x6  Code  Gb  stm32f10x_gpio.o [1]
GPIO_Write              0x08000bab    0x6  Code  Gb  stm32f10x_gpio.o [1]
Get_Ultrasonic_Dist     0x08001941   0x9e  Code  Gb  hw_config.o [1]
LCD_Clear               0x080006b9   0x28  Code  Gb  lcd.o [1]
LCD_Configuration       0x080002bd   0x9c  Code  Lc  lcd.o [1]
LCD_Delay               0x08000359   0x26  Code  Lc  lcd.o [1]
LCD_Init                0x0800037f  0x33a  Code  Gb  lcd.o [1]
LCD_ReadReg             0x08000205   0x90  Code  Lc  lcd.o [1]
LCD_SetCursor           0x080006e1   0x3e  Code  Gb  lcd.o [1]
LCD_ShowChar            0x0800075f  0x100  Code  Gb  lcd.o [1]
LCD_ShowCharString      0x0800085f   0x58  Code  Gb  lcd.o [1]
LCD_ShowHzString        0x08000a3f   0x62  Code  Gb  lcd.o [1]
LCD_ShowString          0x080008b7   0x5e  Code  Gb  lcd.o [1]
LCD_WR_DATA             0x080001ab   0x5a  Code  Lc  lcd.o [1]
LCD_WR_REG              0x08000151   0x5a  Code  Lc  lcd.o [1]
LCD_WindowMax           0x0800071f   0x40  Code  Gb  lcd.o [1]
LCD_WriteRAM            0x080002b3    0xa  Code  Lc  lcd.o [1]
LCD_WriteRAM_Prepare    0x080002a9    0xa  Code  Lc  lcd.o [1]
LCD_WriteReg            0x08000295   0x14  Code  Lc  lcd.o [1]
LoadInt                 0x08001f77   0x56  Code  Lc  xprintfsmall_nomb.o [3]
Motor_Backward          0x080018a7   0x30  Code  Gb  hw_config.o [1]
Motor_Configure         0x08001837   0x40  Code  Gb  hw_config.o [1]
Motor_Forward           0x08001877   0x30  Code  Gb  hw_config.o [1]
Motor_Stop              0x08001929   0x18  Code  Gb  hw_config.o [1]
Motor_TurnLeft          0x080018d7   0x2a  Code  Gb  hw_config.o [1]
Motor_TurnRight         0x08001901   0x28  Code  Gb  hw_config.o [1]
NVIC_Configure          0x08001a6b   0xe4  Code  Gb  hw_config.o [1]
NVIC_Init               0x080023eb   0x60  Code  Gb  misc.o [1]
NVIC_PriorityGroupConfig
                        0x080023e1    0xa  Code  Gb  misc.o [1]
Play_Reveille           0x08000ecb   0x5e  Code  Gb  alarm.o [1]
Play_Reveille::note_idx
                        0x200000a4    0x4  Data  Lc  alarm.o [1]
RCC_AHBPeriphClockCmd   0x08000da1   0x20  Code  Gb  stm32f10x_rcc.o [1]
RCC_APB1PeriphClockCmd  0x08000de1   0x20  Code  Gb  stm32f10x_rcc.o [1]
RCC_APB2PeriphClockCmd  0x08000dc1   0x20  Code  Gb  stm32f10x_rcc.o [1]
RCC_Configure           0x08001693   0x20  Code  Gb  hw_config.o [1]
RCC_GetClocksFreq       0x08000c9d  0x104  Code  Gb  stm32f10x_rcc.o [1]
Region$$Table$$Base     0x08003f50          --   Gb  - Linker created -
Region$$Table$$Limit    0x08003f74          --   Gb  - Linker created -
Sensor_Mode_Reset       0x08001c85   0x26  Code  Gb  hw_config.o [1]
Sensor_Mode_WaitRain    0x08001c65   0x20  Code  Gb  hw_config.o [1]
SetSysClock             0x08003bdb    0x8  Code  Lc  system_stm32f10x.o [1]
SetSysClockTo72         0x08003be3  0x110  Code  Lc  system_stm32f10x.o [1]
SystemInit              0x08003b75   0x66  Code  Gb  system_stm32f10x.o [1]
TIM2_IRQHandler         0x08003825   0x74  Code  Gb  stm32f10x_it.o [1]
TIM_ClearITPendingBit   0x08001647    0x8  Code  Gb  stm32f10x_tim.o [1]
TIM_Cmd                 0x080015ef   0x1c  Code  Gb  stm32f10x_tim.o [1]
TIM_GetITStatus         0x08001623   0x24  Code  Gb  stm32f10x_tim.o [1]
TIM_ITConfig            0x0800160b   0x18  Code  Gb  stm32f10x_tim.o [1]
TIM_TimeBaseInit        0x0800155d   0x92  Code  Gb  stm32f10x_tim.o [1]
Time_Format             0x08000e29   0x36  Code  Gb  alarm.o [1]
Touch_Configuration     0x08003da9   0x52  Code  Gb  touch.o [1]
USART1_IRQHandler       0x080038d3   0x38  Code  Gb  stm32f10x_it.o [1]
USART1_Init             0x080019df   0x46  Code  Gb  hw_config.o [1]
USART2_IRQHandler       0x0800390b   0x94  Code  Gb  stm32f10x_it.o [1]
USART2_Init             0x08001a25   0x46  Code  Gb  hw_config.o [1]
USART2_SendString       0x08001c0d   0x26  Code  Gb  hw_config.o [1]
USART_ClearITPendingBit
                        0x080023c9   0x16  Code  Gb  stm32f10x_usart.o [1]
USART_Cmd               0x080022e5   0x1c  Code  Gb  stm32f10x_usart.o [1]
USART_GetFlagStatus     0x0800235b   0x12  Code  Gb  stm32f10x_usart.o [1]
USART_GetITStatus       0x0800236d   0x5c  Code  Gb  stm32f10x_usart.o [1]
USART_ITConfig          0x08002301   0x4a  Code  Gb  stm32f10x_usart.o [1]
USART_Init              0x08002229   0xb6  Code  Gb  stm32f10x_usart.o [1]
USART_ReceiveData       0x08002353    0x8  Code  Gb  stm32f10x_usart.o [1]
USART_SendData          0x0800234b    0x8  Code  Gb  stm32f10x_usart.o [1]
Ultrasonic_Configure    0x0800178f   0xa8  Code  Gb  hw_config.o [1]
WriteOneHz              0x0800095d   0xe2  Code  Lc  lcd.o [1]
_LitobSmallNoMb         0x08002109   0xce  Code  Lc  xprintfsmall_nomb.o [3]
_PrintfSmallNoMb        0x08001d55  0x216  Code  Gb  xprintfsmall_nomb.o [3]
_PutcharsSmallNoMb      0x080021d7   0x2e  Code  Lc  xprintfsmall_nomb.o [3]
_PutfldSmallNoMb        0x08001fcd  0x13c  Code  Lc  xprintfsmall_nomb.o [3]
_SProut                 0x08001cab    0xa  Code  Gb  xsprout.o [3]
__cmain                 0x08003f75         Code  Gb  cmain.o [5]
__exit                  0x08002819   0x14  Code  Gb  exit.o [6]
__iar_Fail_s            0x08002741   0x1c  Code  Gb  xfail_s.o [3]
__iar_Memchr            0x080027b9         Code  Gb  memchr.o [5]
__iar_Stoulx            0x08003a01  0x114  Code  Gb  iar_Stoulx.o [3]
__iar_Strchr            0x08002729         Code  Gb  strchr.o [5]
__iar_copy_init3        0x08003ed5   0x2c  Code  Gb  copy_init3.o [5]
__iar_data_init3        0x08003f29   0x28  Code  Gb  data_init.o [5]
__iar_program_start     0x080040a5         Code  Gb  cstartup_M.o [5]
__iar_systems$$module {Abs}
                        0x00000001         Data  Gb  command line/config [2]
__iar_zero_init3        0x08003e95   0x40  Code  Gb  zero_init3.o [5]
__low_level_init        0x08003f93    0x4  Code  Gb  low_level_init.o [3]
__vector_table          0x08000000         Data  Gb  startup_stm32f10x_cl.o [1]
_call_main              0x08003f81         Code  Gb  cmain.o [5]
_exit                   0x08003f9d         Code  Gb  cexit.o [5]
_main                   0x08003f8f         Code  Gb  cmain.o [5]
abort                   0x08002811    0x6  Code  Gb  abort.o [3]
abs                     0x08001d4d    0x8  Code  Gb  abs.o [3]
alarm_state             0x200000c6    0x1  Data  Lc  alarm.o [1]
asc2_1206               0x080033b0  0x474  Data  Gb  lcd.o [1]
asc2_1608               0x0800282c  0x5f0  Data  Gb  lcd.o [1]
atoi                    0x08003b1b    0x2  Code  Gb  iar_Stoulx.o [3]
countdown_seconds       0x2000009c    0x4  Data  Lc  alarm.o [1]
digits                  0x08003b24   0x28  Data  Lc  iar_Stoulx.o [3]
elapsed_seconds         0x200000a0    0x4  Data  Lc  alarm.o [1]
exit                    0x08003f97    0x4  Code  Gb  exit.o [3]
findHzIndex             0x08000915   0x48  Code  Lc  lcd.o [1]
main                    0x08003d19   0x90  Code  Gb  main.o [1]
memchr                  0x080027b9         Code  Gb  memchr.o [5]
ndigs                   0x08003b4c   0x28  Data  Lc  iar_Stoulx.o [3]
p_alarm_state           0x20000008    0x4  Data  Gb  alarm.o [1]
p_countdown_seconds     0x20000000    0x4  Data  Gb  alarm.o [1]
p_elapsed_seconds       0x20000004    0x4  Data  Gb  alarm.o [1]
reveille_beats          0x20000018   0x14  Data  Gb  alarm.o [1]
reveille_notes          0x2000000c    0xc  Data  Gb  alarm.o [1]
rx_buffer               0x20000054   0x34  Data  Gb  stm32f10x_it.o [1]
rx_index                0x200000c8    0x1  Data  Gb  stm32f10x_it.o [1]
sec_hand                0x200000c0    0x4  Data  Lc  xfail_s.o [3]
sprintf                 0x0800151d   0x40  Code  Gb  sprintf.o [3]
strchr                  0x08002729         Code  Gb  strchr.o [5]
strcmp                  0x08001cb5         Code  Gb  strcmp.o [5]
strcpy                  0x08001d01         Code  Gb  strcpy.o [5]
strlen                  0x08002781         Code  Gb  strlen.o [5]


[1] = C:\tue_team02\edl_02\project_test\Debug\Obj
[2] = command line
[3] = dl7M_tln.a
[4] = m7M_tl.a
[5] = rt7M_tl.a
[6] = shb_l.a

  12 290 bytes of readonly  code memory
   4 582 bytes of readonly  data memory
   4 295 bytes of readwrite data memory

Errors: none
Warnings: none
