###############################################################################
#
# IAR ELF Linker V8.22.1.15669/W32 for ARM                20/Dec/2025  03:39:34
# Copyright 2007-2018 IAR Systems AB.
#
#    Output file  =  C:\tue_team2\edl_02\project_test\Debug\Exe\week3.out
#    Map file     =  C:\tue_team2\edl_02\project_test\Debug\List\week3.map
#    Command line =  
#        -f C:\Users\pnu2\AppData\Local\Temp\EWCD3C.tmp
#        (C:\tue_team2\edl_02\project_test\Debug\Obj\alarm.o
#        C:\tue_team2\edl_02\project_test\Debug\Obj\core_cm3.o
#        C:\tue_team2\edl_02\project_test\Debug\Obj\hw_config.o
#        C:\tue_team2\edl_02\project_test\Debug\Obj\lcd.o
#        C:\tue_team2\edl_02\project_test\Debug\Obj\main.o
#        C:\tue_team2\edl_02\project_test\Debug\Obj\misc.o
#        C:\tue_team2\edl_02\project_test\Debug\Obj\startup_stm32f10x_cl.o
#        C:\tue_team2\edl_02\project_test\Debug\Obj\stm32f10x_adc.o
#        C:\tue_team2\edl_02\project_test\Debug\Obj\stm32f10x_bkp.o
#        C:\tue_team2\edl_02\project_test\Debug\Obj\stm32f10x_can.o
#        C:\tue_team2\edl_02\project_test\Debug\Obj\stm32f10x_cec.o
#        C:\tue_team2\edl_02\project_test\Debug\Obj\stm32f10x_crc.o
#        C:\tue_team2\edl_02\project_test\Debug\Obj\stm32f10x_dac.o
#        C:\tue_team2\edl_02\project_test\Debug\Obj\stm32f10x_dbgmcu.o
#        C:\tue_team2\edl_02\project_test\Debug\Obj\stm32f10x_dma.o
#        C:\tue_team2\edl_02\project_test\Debug\Obj\stm32f10x_exti.o
#        C:\tue_team2\edl_02\project_test\Debug\Obj\stm32f10x_flash.o
#        C:\tue_team2\edl_02\project_test\Debug\Obj\stm32f10x_fsmc.o
#        C:\tue_team2\edl_02\project_test\Debug\Obj\stm32f10x_gpio.o
#        C:\tue_team2\edl_02\project_test\Debug\Obj\stm32f10x_i2c.o
#        C:\tue_team2\edl_02\project_test\Debug\Obj\stm32f10x_it.o
#        C:\tue_team2\edl_02\project_test\Debug\Obj\stm32f10x_iwdg.o
#        C:\tue_team2\edl_02\project_test\Debug\Obj\stm32f10x_pwr.o
#        C:\tue_team2\edl_02\project_test\Debug\Obj\stm32f10x_rcc.o
#        C:\tue_team2\edl_02\project_test\Debug\Obj\stm32f10x_rtc.o
#        C:\tue_team2\edl_02\project_test\Debug\Obj\stm32f10x_sdio.o
#        C:\tue_team2\edl_02\project_test\Debug\Obj\stm32f10x_spi.o
#        C:\tue_team2\edl_02\project_test\Debug\Obj\stm32f10x_tim.o
#        C:\tue_team2\edl_02\project_test\Debug\Obj\stm32f10x_usart.o
#        C:\tue_team2\edl_02\project_test\Debug\Obj\stm32f10x_wwdg.o
#        C:\tue_team2\edl_02\project_test\Debug\Obj\system_stm32f10x.o
#        C:\tue_team2\edl_02\project_test\Debug\Obj\touch.o -o
#        C:\tue_team2\edl_02\project_test\Debug\Exe\week3.out --map
#        C:\tue_team2\edl_02\project_test\Debug\List\week3.map --log
#        libraries,initialization,modules,redirects,sections,veneers,unused_fragments,call_graph
#        --log_file C:\tue_team2\edl_02\project_test\Debug\List\week3.log
#        --config C:\tue_team2\edl_02\project_test\myicf.icf --semihosting
#        --entry __iar_program_start --vfe --text_out locale)
#
###############################################################################

*******************************************************************************
*** RUNTIME MODEL ATTRIBUTES
***

CppFlavor       = *
__SystemLibrary = DLib
__dlib_version  = 6


*******************************************************************************
*** HEAP SELECTION
***

The basic heap was selected because no calls to memory allocation
functions were found in the application outside of system library
functions, and there are calls to deallocation functions in the
application.


*******************************************************************************
*** PLACEMENT SUMMARY
***

"A0":  place at 0x08000000 { ro section .intvec };
"P1":  place in [from 0x08000000 to 0x0807ffff] { ro };
define block CSTACK with size = 4K, alignment = 8 { };
define block HEAP with size = 4K, alignment = 8 { };
"P2":  place in [from 0x20000000 to 0x20007fff] {
          rw, block CSTACK, block HEAP };
initialize by copy { rw };

  Section            Kind        Address    Size  Object
  -------            ----        -------    ----  ------
"A0":                                      0x150
  .intvec            ro code  0x08000000   0x150  startup_stm32f10x_cl.o [1]
                            - 0x08000150   0x150

"P1":                                     0x4a48
  .text              ro code  0x08000150   0xa98  lcd.o [1]
  .text              ro code  0x08000be8   0x1dc  stm32f10x_gpio.o [1]
  .text              ro code  0x08000dc4   0x18c  stm32f10x_rcc.o [1]
  .text              ro code  0x08000f50     0x8  abs.o [3]
  .text              ro code  0x08000f58   0x744  touch.o [1]
  .text              ro code  0x0800169c    0x1a  U32ToDbl.o [4]
  .text              ro code  0x080016b6     0xa  xsprout.o [3]
  .text              ro code  0x080016c0    0xf2  sqrt.o [4]
  .text              ro code  0x080017b4    0x3a  DblToS32.o [4]
  .text              ro code  0x080017f0    0x1c  U32ToFlt.o [4]
  .text              ro code  0x0800180c    0xfc  FltDiv.o [4]
  .text              ro code  0x08001908    0x24  FltCmpLe.o [4]
  .text              ro code  0x0800192c    0x24  FltCmpGe.o [4]
  .text              ro code  0x08001950    0x24  S32ToFlt.o [4]
  .text              ro code  0x08001974    0xd8  FltMul.o [4]
  .text              ro code  0x08001a4c    0x80  FltSub.o [4]
  .text              ro code  0x08001acc    0x2a  FltToS32.o [4]
  .text              ro code  0x08001af8    0xd6  FltAdd.o [4]
  .text              ro code  0x08001bd0   0x60a  hw_config.o [1]
  .text              ro code  0x080021dc   0x1b6  stm32f10x_usart.o [1]
  .text              ro code  0x08002394    0x80  misc.o [1]
  .text              ro code  0x08002414    0xc0  stm32f10x_exti.o [1]
  .text              ro code  0x080024d4    0x58  stm32f10x_dma.o [1]
  .text              ro code  0x0800252c   0x1ae  stm32f10x_adc.o [1]
  .rodata            const    0x080026dc   0x5f0  lcd.o [1]
  .rodata            const    0x08002ccc   0x594  lcd.o [1]
  .text              ro code  0x08003260   0x4d4  xprintfsmall_nomb.o [3]
  .text              ro code  0x08003734    0x16  strchr.o [5]
  .text              ro code  0x0800374c    0x40  xfail_s.o [3]
  .text              ro code  0x0800378c    0x36  strlen.o [5]
  .text              ro code  0x080037c4    0x58  memchr.o [5]
  .text              ro code  0x0800381c     0x6  abort.o [3]
  .text              ro code  0x08003824    0x14  exit.o [6]
  .text              ro code  0x08003838   0x490  alarm.o [1]
  .text              ro code  0x08003cc8   0x11c  stm32f10x_tim.o [1]
  .text              ro code  0x08003de4    0x40  sprintf.o [3]
  .rodata            const    0x08003e24   0x474  lcd.o [1]
  .text              ro code  0x08004298   0x1dc  stm32f10x_it.o [1]
  .text              ro code  0x08004474   0x174  iar_Stoulx.o [3]
  .text              ro code  0x080045e8   0x1a4  system_stm32f10x.o [1]
  .text              ro code  0x0800478c    0x8c  main.o [1]
  Initializer bytes  const    0x08004818    0x44  <for P2-1>
  .text              ro code  0x0800485c    0x40  zero_init3.o [5]
  .text              ro code  0x0800489c    0x2c  copy_init3.o [5]
  .rodata            const    0x080048c8    0x28  stm32f10x_it.o [1]
  .text              ro code  0x080048f0    0x28  data_init.o [5]
  .iar.init_table    const    0x08004918    0x24  - Linker created -
  .rodata            const    0x0800493c    0x20  main.o [1]
  .text              ro code  0x0800495c    0x1e  cmain.o [5]
  .text              ro code  0x0800497a     0x4  low_level_init.o [3]
  .text              ro code  0x0800497e     0x4  exit.o [3]
  .text              ro code  0x08004984     0xa  cexit.o [5]
  .rodata            const    0x08004990    0x1c  main.o [1]
  .rodata            const    0x080049ac    0x14  alarm.o [1]
  .rodata            const    0x080049c0    0x10  alarm.o [1]
  .rodata            const    0x080049d0    0x10  alarm.o [1]
  .rodata            const    0x080049e0    0x10  alarm.o [1]
  .rodata            const    0x080049f0    0x10  alarm.o [1]
  .rodata            const    0x08004a00    0x10  alarm.o [1]
  .text              ro code  0x08004a10    0x10  startup_stm32f10x_cl.o [1]
  .rodata            const    0x08004a20     0xc  alarm.o [1]
  .rodata            const    0x08004a2c     0xc  alarm.o [1]
  .rodata            const    0x08004a38     0xc  alarm.o [1]
  .rodata            const    0x08004a44     0xc  alarm.o [1]
  .rodata            const    0x08004a50     0xc  alarm.o [1]
  .rodata            const    0x08004a5c     0xc  alarm.o [1]
  .rodata            const    0x08004a68     0xc  alarm.o [1]
  .text              ro code  0x08004a74     0xc  cstartup_M.o [5]
  .text              ro code  0x08004a80     0x4  startup_stm32f10x_cl.o [1]
  .text              ro code  0x08004a84     0x4  startup_stm32f10x_cl.o [1]
  .text              ro code  0x08004a88     0x4  startup_stm32f10x_cl.o [1]
  .text              ro code  0x08004a8c     0x4  startup_stm32f10x_cl.o [1]
  .text              ro code  0x08004a90     0x4  startup_stm32f10x_cl.o [1]
  .text              ro code  0x08004a94     0x4  startup_stm32f10x_cl.o [1]
  .text              ro code  0x08004a98     0x4  startup_stm32f10x_cl.o [1]
  .text              ro code  0x08004a9c     0x4  startup_stm32f10x_cl.o [1]
  .text              ro code  0x08004aa0     0x4  startup_stm32f10x_cl.o [1]
  .text              ro code  0x08004aa4     0x4  startup_stm32f10x_cl.o [1]
  .text              ro code  0x08004aa8     0x4  startup_stm32f10x_cl.o [1]
  .text              ro code  0x08004aac     0x4  startup_stm32f10x_cl.o [1]
  .text              ro code  0x08004ab0     0x4  startup_stm32f10x_cl.o [1]
  .text              ro code  0x08004ab4     0x4  startup_stm32f10x_cl.o [1]
  .text              ro code  0x08004ab8     0x4  startup_stm32f10x_cl.o [1]
  .text              ro code  0x08004abc     0x4  startup_stm32f10x_cl.o [1]
  .text              ro code  0x08004ac0     0x4  startup_stm32f10x_cl.o [1]
  .text              ro code  0x08004ac4     0x4  startup_stm32f10x_cl.o [1]
  .text              ro code  0x08004ac8     0x4  startup_stm32f10x_cl.o [1]
  .text              ro code  0x08004acc     0x4  startup_stm32f10x_cl.o [1]
  .text              ro code  0x08004ad0     0x4  startup_stm32f10x_cl.o [1]
  .text              ro code  0x08004ad4     0x4  startup_stm32f10x_cl.o [1]
  .text              ro code  0x08004ad8     0x4  startup_stm32f10x_cl.o [1]
  .text              ro code  0x08004adc     0x4  startup_stm32f10x_cl.o [1]
  .text              ro code  0x08004ae0     0x4  startup_stm32f10x_cl.o [1]
  .text              ro code  0x08004ae4     0x4  startup_stm32f10x_cl.o [1]
  .text              ro code  0x08004ae8     0x4  startup_stm32f10x_cl.o [1]
  .text              ro code  0x08004aec     0x4  startup_stm32f10x_cl.o [1]
  .text              ro code  0x08004af0     0x4  startup_stm32f10x_cl.o [1]
  .text              ro code  0x08004af4     0x4  startup_stm32f10x_cl.o [1]
  .text              ro code  0x08004af8     0x4  startup_stm32f10x_cl.o [1]
  .text              ro code  0x08004afc     0x4  startup_stm32f10x_cl.o [1]
  .text              ro code  0x08004b00     0x4  startup_stm32f10x_cl.o [1]
  .text              ro code  0x08004b04     0x4  startup_stm32f10x_cl.o [1]
  .text              ro code  0x08004b08     0x4  startup_stm32f10x_cl.o [1]
  .text              ro code  0x08004b0c     0x4  startup_stm32f10x_cl.o [1]
  .text              ro code  0x08004b10     0x4  startup_stm32f10x_cl.o [1]
  .text              ro code  0x08004b14     0x4  startup_stm32f10x_cl.o [1]
  .text              ro code  0x08004b18     0x4  startup_stm32f10x_cl.o [1]
  .text              ro code  0x08004b1c     0x4  startup_stm32f10x_cl.o [1]
  .text              ro code  0x08004b20     0x4  startup_stm32f10x_cl.o [1]
  .text              ro code  0x08004b24     0x4  startup_stm32f10x_cl.o [1]
  .text              ro code  0x08004b28     0x4  startup_stm32f10x_cl.o [1]
  .text              ro code  0x08004b2c     0x4  startup_stm32f10x_cl.o [1]
  .text              ro code  0x08004b30     0x4  startup_stm32f10x_cl.o [1]
  .text              ro code  0x08004b34     0x4  startup_stm32f10x_cl.o [1]
  .text              ro code  0x08004b38     0x4  startup_stm32f10x_cl.o [1]
  .text              ro code  0x08004b3c     0x4  startup_stm32f10x_cl.o [1]
  .text              ro code  0x08004b40     0x4  startup_stm32f10x_cl.o [1]
  .text              ro code  0x08004b44     0x4  startup_stm32f10x_cl.o [1]
  .text              ro code  0x08004b48     0x4  startup_stm32f10x_cl.o [1]
  .text              ro code  0x08004b4c     0x4  startup_stm32f10x_cl.o [1]
  .text              ro code  0x08004b50     0x4  startup_stm32f10x_cl.o [1]
  .text              ro code  0x08004b54     0x4  startup_stm32f10x_cl.o [1]
  .text              ro code  0x08004b58     0x4  startup_stm32f10x_cl.o [1]
  .text              ro code  0x08004b5c     0x4  startup_stm32f10x_cl.o [1]
  .text              ro code  0x08004b60     0x4  startup_stm32f10x_cl.o [1]
  .text              ro code  0x08004b64     0x4  startup_stm32f10x_cl.o [1]
  .text              ro code  0x08004b68     0x4  startup_stm32f10x_cl.o [1]
  .text              ro code  0x08004b6c     0x4  startup_stm32f10x_cl.o [1]
  .text              ro code  0x08004b70     0x4  startup_stm32f10x_cl.o [1]
  .text              ro code  0x08004b74     0x4  startup_stm32f10x_cl.o [1]
  .text              ro code  0x08004b78     0x4  startup_stm32f10x_cl.o [1]
  .text              ro code  0x08004b7c     0x4  startup_stm32f10x_cl.o [1]
  .text              ro code  0x08004b80     0x4  startup_stm32f10x_cl.o [1]
  .text              ro code  0x08004b84     0x4  startup_stm32f10x_cl.o [1]
  .text              ro code  0x08004b88     0x4  startup_stm32f10x_cl.o [1]
  .text              ro code  0x08004b8c     0x4  startup_stm32f10x_cl.o [1]
  .text              ro code  0x08004b90     0x4  startup_stm32f10x_cl.o [1]
  .text              ro code  0x08004b94     0x4  startup_stm32f10x_cl.o [1]
  .rodata            const    0x08004b98     0x0  zero_init3.o [5]
  .rodata            const    0x08004b98     0x0  copy_init3.o [5]
                            - 0x08004b98  0x4a48

"P2", part 1 of 3:                          0x44
  P2-1                        0x20000000    0x44  <Init block>
    .data            inited   0x20000000     0x4  alarm.o [1]
    .data            inited   0x20000004     0x4  alarm.o [1]
    .data            inited   0x20000008     0x4  alarm.o [1]
    .data            inited   0x2000000c     0xc  alarm.o [1]
    .data            inited   0x20000018    0x14  alarm.o [1]
    .data            inited   0x2000002c     0x4  alarm.o [1]
    .data            inited   0x20000030    0x10  stm32f10x_rcc.o [1]
    .data            inited   0x20000040     0x4  stm32f10x_rcc.o [1]
                            - 0x20000044    0x44

"P2", part 2 of 3:                          0x70
  .bss               zero     0x20000044    0x34  stm32f10x_it.o [1]
  .bss               zero     0x20000078     0x4  alarm.o [1]
  .bss               zero     0x2000007c     0x4  alarm.o [1]
  .bss               zero     0x20000080     0x4  alarm.o [1]
  .bss               zero     0x20000084     0x4  alarm.o [1]
  .bss               zero     0x20000088     0x4  alarm.o [1]
  .bss               zero     0x2000008c     0x4  alarm.o [1]
  .bss               zero     0x20000090     0x4  alarm.o [1]
  .bss               zero     0x20000094     0x4  alarm.o [1]
  .bss               zero     0x20000098     0x4  main.o [1]
  .bss               zero     0x2000009c     0x4  touch.o [1]
  .bss               zero     0x200000a0     0x4  touch.o [1]
  .bss               zero     0x200000a4     0x4  xfail_s.o [3]
  .bss               zero     0x200000a8     0x2  lcd.o [1]
  .bss               zero     0x200000aa     0x2  touch.o [1]
  .bss               zero     0x200000ac     0x2  touch.o [1]
  .bss               zero     0x200000ae     0x1  alarm.o [1]
  .bss               zero     0x200000af     0x1  alarm.o [1]
  .bss               zero     0x200000b0     0x1  stm32f10x_it.o [1]
                            - 0x200000b1    0x6d

"P2", part 3 of 3:                        0x1000
  CSTACK                      0x200000b8  0x1000  <Block>
    CSTACK           uninit   0x200000b8  0x1000  <Block tail>
                            - 0x200010b8  0x1000


*******************************************************************************
*** INIT TABLE
***

          Address     Size
          -------     ----
Zero (__iar_zero_init3)
    1 destination range, total size 0x6d:
          0x20000044  0x6d

Copy (__iar_copy_init3)
    1 source range, total size 0x44:
          0x08004818  0x44
    1 destination range, total size 0x44:
          0x20000000  0x44



*******************************************************************************
*** MODULE SUMMARY
***

    Module                  ro code  ro data  rw data
    ------                  -------  -------  -------
C:\tue_team2\edl_02\project_test\Debug\Obj: [1]
    alarm.o                   1 168      232       82
    hw_config.o               1 546
    lcd.o                     2 712    4 088        2
    main.o                      140       60        4
    misc.o                      128
    startup_stm32f10x_cl.o      632
    stm32f10x_adc.o             430
    stm32f10x_dma.o              88
    stm32f10x_exti.o            192
    stm32f10x_gpio.o            476
    stm32f10x_it.o              476       40       53
    stm32f10x_rcc.o             396       20       20
    stm32f10x_tim.o             284
    stm32f10x_usart.o           438
    system_stm32f10x.o          420
    touch.o                   1 860                12
    -------------------------------------------------
    Total:                   11 386    4 440      173

command line: [2]
    -------------------------------------------------
    Total:

dl7M_tln.a: [3]
    abort.o                       6
    abs.o                         8
    exit.o                        4
    iar_Stoulx.o                372
    low_level_init.o              4
    sprintf.o                    64
    xfail_s.o                    64                 4
    xprintfsmall_nomb.o       1 236
    xsprout.o                    10
    -------------------------------------------------
    Total:                    1 768                 4

m7M_tl.a: [4]
    DblToS32.o                   58
    FltAdd.o                    214
    FltCmpGe.o                   36
    FltCmpLe.o                   36
    FltDiv.o                    252
    FltMul.o                    216
    FltSub.o                    128
    FltToS32.o                   42
    S32ToFlt.o                   36
    U32ToDbl.o                   26
    U32ToFlt.o                   28
    sqrt.o                      242
    -------------------------------------------------
    Total:                    1 314

rt7M_tl.a: [5]
    cexit.o                      10
    cmain.o                      30
    copy_init3.o                 44
    cstartup_M.o                 12
    data_init.o                  40
    memchr.o                     88
    strchr.o                     22
    strlen.o                     54
    zero_init3.o                 64
    -------------------------------------------------
    Total:                      364

shb_l.a: [6]
    exit.o                       20
    -------------------------------------------------
    Total:                       20

    Gaps                         20        4
    Linker created                        36    4 096
-----------------------------------------------------
    Grand Total:             14 872    4 480    4 273


*******************************************************************************
*** ENTRY LIST
***

Entry                      Address   Size  Type      Object
-----                      -------   ----  ----      ------
.iar.init_table$$Base   0x08004918          --   Gb  - Linker created -
.iar.init_table$$Limit  0x0800493c          --   Gb  - Linker created -
?main                   0x0800495d         Code  Gb  cmain.o [5]
ADC1_2_IRQHandler       0x08004443    0xe  Code  Gb  stm32f10x_it.o [1]
ADCPrescTable           0x20000040    0x4  Data  Lc  stm32f10x_rcc.o [1]
ADC_ClearITPendingBit   0x080026cd    0xe  Code  Gb  stm32f10x_adc.o [1]
ADC_Cmd                 0x08002577   0x1a  Code  Gb  stm32f10x_adc.o [1]
ADC_Configure           0x080020c7   0x74  Code  Gb  hw_config.o [1]
ADC_DMACmd              0x08002591   0x1a  Code  Gb  stm32f10x_adc.o [1]
ADC_GetCalibrationStatus
                        0x080025d1   0x12  Code  Gb  stm32f10x_adc.o [1]
ADC_GetResetCalibrationStatus
                        0x080025b5   0x12  Code  Gb  stm32f10x_adc.o [1]
ADC_Init                0x0800252d   0x4a  Code  Gb  stm32f10x_adc.o [1]
ADC_RegularChannelConfig
                        0x080025fd   0xc6  Code  Gb  stm32f10x_adc.o [1]
ADC_ResetCalibration    0x080025ab    0xa  Code  Gb  stm32f10x_adc.o [1]
ADC_SoftwareStartConvCmd
                        0x080025e3   0x1a  Code  Gb  stm32f10x_adc.o [1]
ADC_StartCalibration    0x080025c7    0xa  Code  Gb  stm32f10x_adc.o [1]
ADC_Value               0x20000098    0x4  Data  Gb  main.o [1]
ADS_Read_AD             0x08000fad   0x9e  Code  Gb  touch.o [1]
ADS_Read_XY             0x0800104b   0xae  Code  Gb  touch.o [1]
ADS_Write_Byte          0x08000f59   0x52  Code  Gb  touch.o [1]
APBAHBPrescTable        0x20000030   0x10  Data  Lc  stm32f10x_rcc.o [1]
Alarm_GetElapsedSeconds
                        0x08003c01    0x8  Code  Gb  alarm.o [1]
Alarm_GetState          0x08003bf9    0x8  Code  Gb  alarm.o [1]
Alarm_Init              0x08003903   0x30  Code  Gb  alarm.o [1]
Alarm_Process           0x08003987  0x272  Code  Gb  alarm.o [1]
Alarm_Process::dist_C   0x2000008c    0x4  Data  Lc  alarm.o [1]
Alarm_Process::dist_L   0x20000088    0x4  Data  Lc  alarm.o [1]
Alarm_Process::dist_R   0x20000090    0x4  Data  Lc  alarm.o [1]
Alarm_Process::last_sec
                        0x2000002c    0x4  Data  Lc  alarm.o [1]
Alarm_Process::last_state
                        0x200000af    0x1  Data  Lc  alarm.o [1]
Alarm_Process::sensor_timer
                        0x20000094    0x4  Data  Lc  alarm.o [1]
Alarm_Process::stability_count
                        0x20000084    0x4  Data  Lc  alarm.o [1]
Alarm_Reset             0x08003c09   0x50  Code  Gb  alarm.o [1]
Alarm_Start             0x08003933   0x54  Code  Gb  alarm.o [1]
Buzzer_Sound            0x08003839   0x6c  Code  Lc  alarm.o [1]
CSTACK$$Base            0x200000b8          --   Gb  - Linker created -
CSTACK$$Limit           0x200010b8          --   Gb  - Linker created -
DMA_Cmd                 0x08002511   0x1c  Code  Gb  stm32f10x_dma.o [1]
DMA_Configure           0x0800207d   0x4a  Code  Gb  hw_config.o [1]
DMA_Init                0x080024d5   0x3c  Code  Gb  stm32f10x_dma.o [1]
Delay_us                0x08001bd1   0x1a  Code  Lc  hw_config.o [1]
DeviceCode              0x200000a8    0x2  Data  Gb  lcd.o [1]
Drow_Touch_Point        0x08001303   0x68  Code  Gb  touch.o [1]
EXTI0_IRQHandler        0x0800430d   0x3a  Code  Gb  stm32f10x_it.o [1]
EXTI1_IRQHandler        0x08004413   0x30  Code  Gb  stm32f10x_it.o [1]
EXTI_ClearITPendingBit  0x080024b9    0x6  Code  Gb  stm32f10x_exti.o [1]
EXTI_GetITStatus        0x08002499   0x20  Code  Gb  stm32f10x_exti.o [1]
EXTI_Init               0x08002415   0x84  Code  Gb  stm32f10x_exti.o [1]
GBHZ_16                 0x08002ccc  0x594  Data  Gb  lcd.o [1]
GPIO_Configure          0x08001c0b   0xdc  Code  Gb  hw_config.o [1]
GPIO_EXTILineConfig     0x08000d63   0x56  Code  Gb  stm32f10x_gpio.o [1]
GPIO_Init               0x08000be9   0xc4  Code  Gb  stm32f10x_gpio.o [1]
GPIO_PinRemapConfig     0x08000cd9   0x8a  Code  Gb  stm32f10x_gpio.o [1]
GPIO_ReadInputData      0x08000cc1    0x6  Code  Gb  stm32f10x_gpio.o [1]
GPIO_ReadInputDataBit   0x08000cad   0x14  Code  Gb  stm32f10x_gpio.o [1]
GPIO_ResetBits          0x08000ccd    0x6  Code  Gb  stm32f10x_gpio.o [1]
GPIO_SetBits            0x08000cc7    0x6  Code  Gb  stm32f10x_gpio.o [1]
GPIO_Write              0x08000cd3    0x6  Code  Gb  stm32f10x_gpio.o [1]
Get_Ultrasonic_Dist     0x08001e6b   0xa2  Code  Gb  hw_config.o [1]
LCD_Clear               0x080006b9   0x28  Code  Gb  lcd.o [1]
LCD_Configuration       0x080002bd   0x9c  Code  Lc  lcd.o [1]
LCD_Delay               0x08000359   0x26  Code  Lc  lcd.o [1]
LCD_DrawLine            0x08000777  0x110  Code  Gb  lcd.o [1]
LCD_DrawPoint           0x0800075f   0x18  Code  Gb  lcd.o [1]
LCD_Init                0x0800037f  0x33a  Code  Gb  lcd.o [1]
LCD_ReadReg             0x08000205   0x90  Code  Lc  lcd.o [1]
LCD_SetCursor           0x080006e1   0x3e  Code  Gb  lcd.o [1]
LCD_ShowChar            0x08000887  0x100  Code  Gb  lcd.o [1]
LCD_ShowCharString      0x08000987   0x58  Code  Gb  lcd.o [1]
LCD_ShowHzString        0x08000b67   0x62  Code  Gb  lcd.o [1]
LCD_ShowString          0x080009df   0x5e  Code  Gb  lcd.o [1]
LCD_WR_DATA             0x080001ab   0x5a  Code  Lc  lcd.o [1]
LCD_WR_REG              0x08000151   0x5a  Code  Lc  lcd.o [1]
LCD_WindowMax           0x0800071f   0x40  Code  Gb  lcd.o [1]
LCD_WriteRAM            0x080002b3    0xa  Code  Lc  lcd.o [1]
LCD_WriteRAM_Prepare    0x080002a9    0xa  Code  Lc  lcd.o [1]
LCD_WriteReg            0x08000295   0x14  Code  Lc  lcd.o [1]
LoadInt                 0x08003483   0x56  Code  Lc  xprintfsmall_nomb.o [3]
Motor_Backward          0x08001de3   0x2e  Code  Gb  hw_config.o [1]
Motor_Configure         0x08001d8f   0x26  Code  Gb  hw_config.o [1]
Motor_Forward           0x08001db5   0x2e  Code  Gb  hw_config.o [1]
Motor_Stop              0x08001e5d    0xe  Code  Gb  hw_config.o [1]
Motor_TurnLeft          0x08001e11   0x26  Code  Gb  hw_config.o [1]
Motor_TurnRight         0x08001e37   0x26  Code  Gb  hw_config.o [1]
NVIC_Configure          0x08001f99   0xe4  Code  Gb  hw_config.o [1]
NVIC_Init               0x0800239f   0x60  Code  Gb  misc.o [1]
NVIC_PriorityGroupConfig
                        0x08002395    0xa  Code  Gb  misc.o [1]
Play_Reveille           0x080038a5   0x5e  Code  Gb  alarm.o [1]
Play_Reveille::note_idx
                        0x20000080    0x4  Data  Lc  alarm.o [1]
RCC_AHBPeriphClockCmd   0x08000ec9   0x20  Code  Gb  stm32f10x_rcc.o [1]
RCC_APB1PeriphClockCmd  0x08000f09   0x20  Code  Gb  stm32f10x_rcc.o [1]
RCC_APB2PeriphClockCmd  0x08000ee9   0x20  Code  Gb  stm32f10x_rcc.o [1]
RCC_Configure           0x08001beb   0x20  Code  Gb  hw_config.o [1]
RCC_GetClocksFreq       0x08000dc5  0x104  Code  Gb  stm32f10x_rcc.o [1]
Read_ADSX               0x080010f9   0x1c  Code  Gb  touch.o [1]
Read_ADSY               0x08001115   0x1c  Code  Gb  touch.o [1]
Refreshes_Screen        0x0800136b    0xc  Code  Gb  touch.o [1]
Region$$Table$$Base     0x08004918          --   Gb  - Linker created -
Region$$Table$$Limit    0x0800493c          --   Gb  - Linker created -
Sensor_Mode_Reset       0x080021b5   0x26  Code  Gb  hw_config.o [1]
Sensor_Mode_WaitRain    0x08002195   0x20  Code  Gb  hw_config.o [1]
SetSysClock             0x0800464f    0x8  Code  Lc  system_stm32f10x.o [1]
SetSysClockTo72         0x08004657  0x110  Code  Lc  system_stm32f10x.o [1]
SystemInit              0x080045e9   0x66  Code  Gb  system_stm32f10x.o [1]
TIM2_IRQHandler         0x08004299   0x74  Code  Gb  stm32f10x_it.o [1]
TIM_ClearITPendingBit   0x08003db3    0x8  Code  Gb  stm32f10x_tim.o [1]
TIM_Cmd                 0x08003d5b   0x1c  Code  Gb  stm32f10x_tim.o [1]
TIM_GetITStatus         0x08003d8f   0x24  Code  Gb  stm32f10x_tim.o [1]
TIM_ITConfig            0x08003d77   0x18  Code  Gb  stm32f10x_tim.o [1]
TIM_TimeBaseInit        0x08003cc9   0x92  Code  Gb  stm32f10x_tim.o [1]
Touch_Adjust            0x08001377  0x2ee  Code  Gb  touch.o [1]
Touch_Configuration     0x080012b1   0x52  Code  Gb  touch.o [1]
Touch_GetXY             0x08001271   0x40  Code  Gb  touch.o [1]
Touch_GexX              0x08001131   0xa0  Code  Gb  touch.o [1]
Touch_GexY              0x080011d1   0xa0  Code  Gb  touch.o [1]
USART1_IRQHandler       0x08004347   0x38  Code  Gb  stm32f10x_it.o [1]
USART1_Init             0x08001f0d   0x46  Code  Gb  hw_config.o [1]
USART2_IRQHandler       0x0800437f   0x94  Code  Gb  stm32f10x_it.o [1]
USART2_Init             0x08001f53   0x46  Code  Gb  hw_config.o [1]
USART2_SendString       0x0800213b   0x26  Code  Gb  hw_config.o [1]
USART_ClearITPendingBit
                        0x0800237d   0x16  Code  Gb  stm32f10x_usart.o [1]
USART_Cmd               0x08002299   0x1c  Code  Gb  stm32f10x_usart.o [1]
USART_GetFlagStatus     0x0800230f   0x12  Code  Gb  stm32f10x_usart.o [1]
USART_GetITStatus       0x08002321   0x5c  Code  Gb  stm32f10x_usart.o [1]
USART_ITConfig          0x080022b5   0x4a  Code  Gb  stm32f10x_usart.o [1]
USART_Init              0x080021dd   0xb6  Code  Gb  stm32f10x_usart.o [1]
USART_ReceiveData       0x08002307    0x8  Code  Gb  stm32f10x_usart.o [1]
USART_SendData          0x080022ff    0x8  Code  Gb  stm32f10x_usart.o [1]
Ultrasonic_Configure    0x08001ce7   0xa8  Code  Gb  hw_config.o [1]
WriteOneHz              0x08000a85   0xe2  Code  Lc  lcd.o [1]
_LitobSmallNoMb         0x08003615   0xce  Code  Lc  xprintfsmall_nomb.o [3]
_PrintfSmallNoMb        0x08003261  0x216  Code  Gb  xprintfsmall_nomb.o [3]
_PutcharsSmallNoMb      0x080036e3   0x2e  Code  Lc  xprintfsmall_nomb.o [3]
_PutfldSmallNoMb        0x080034d9  0x13c  Code  Lc  xprintfsmall_nomb.o [3]
_SProut                 0x080016b7    0xa  Code  Gb  xsprout.o [3]
__aeabi_cfcmple         0x08001909         Code  Gb  FltCmpLe.o [4]
__aeabi_cfrcmple        0x0800192d         Code  Gb  FltCmpGe.o [4]
__aeabi_d2iz            0x080017b5         Code  Gb  DblToS32.o [4]
__aeabi_f2iz            0x08001acd         Code  Gb  FltToS32.o [4]
__aeabi_fdiv            0x0800180d         Code  Gb  FltDiv.o [4]
__aeabi_fmul            0x08001975         Code  Gb  FltMul.o [4]
__aeabi_fsub            0x08001a4d         Code  Gb  FltSub.o [4]
__aeabi_i2f             0x08001951         Code  Gb  S32ToFlt.o [4]
__aeabi_ui2d            0x0800169d         Code  Gb  U32ToDbl.o [4]
__aeabi_ui2f            0x080017f1         Code  Gb  U32ToFlt.o [4]
__cmain                 0x0800495d         Code  Gb  cmain.o [5]
__exit                  0x08003825   0x14  Code  Gb  exit.o [6]
__iar_Fail_s            0x0800374d   0x1c  Code  Gb  xfail_s.o [3]
__iar_Memchr            0x080037c5         Code  Gb  memchr.o [5]
__iar_Stoulx            0x08004475  0x114  Code  Gb  iar_Stoulx.o [3]
__iar_Strchr            0x08003735         Code  Gb  strchr.o [5]
__iar_copy_init3        0x0800489d   0x2c  Code  Gb  copy_init3.o [5]
__iar_data_init3        0x080048f1   0x28  Code  Gb  data_init.o [5]
__iar_fadd              0x08001a59         Code  Gb  FltSub.o [4]
__iar_fsub              0x08001af9         Code  Gb  FltAdd.o [4]
__iar_fsubStart         0x08001b09         Code  Gb  FltAdd.o [4]
__iar_program_start     0x08004a75         Code  Gb  cstartup_M.o [5]
__iar_sqrt64            0x080016c1         Code  Gb  sqrt.o [4]
__iar_systems$$module {Abs}
                        0x00000001         Data  Gb  command line/config [2]
__iar_zero_init3        0x0800485d   0x40  Code  Gb  zero_init3.o [5]
__low_level_init        0x0800497b    0x4  Code  Gb  low_level_init.o [3]
__vector_table          0x08000000         Data  Gb  startup_stm32f10x_cl.o [1]
_call_main              0x08004969         Code  Gb  cmain.o [5]
_exit                   0x08004985         Code  Gb  cexit.o [5]
_main                   0x08004977         Code  Gb  cmain.o [5]
abort                   0x0800381d    0x6  Code  Gb  abort.o [3]
abs                     0x08000f51    0x8  Code  Gb  abs.o [3]
alarm_state             0x200000ae    0x1  Data  Lc  alarm.o [1]
asc2_1206               0x08003e24  0x474  Data  Gb  lcd.o [1]
asc2_1608               0x080026dc  0x5f0  Data  Gb  lcd.o [1]
atoi                    0x0800458f    0x2  Code  Gb  iar_Stoulx.o [3]
countdown_seconds       0x20000078    0x4  Data  Lc  alarm.o [1]
digits                  0x08004598   0x28  Data  Lc  iar_Stoulx.o [3]
elapsed_seconds         0x2000007c    0x4  Data  Lc  alarm.o [1]
exit                    0x0800497f    0x4  Code  Gb  exit.o [3]
findHzIndex             0x08000a3d   0x48  Code  Lc  lcd.o [1]
main                    0x0800478d   0x8c  Code  Gb  main.o [1]
memchr                  0x080037c5         Code  Gb  memchr.o [5]
ndigs                   0x080045c0   0x28  Data  Lc  iar_Stoulx.o [3]
p_alarm_state           0x20000008    0x4  Data  Gb  alarm.o [1]
p_countdown_seconds     0x20000000    0x4  Data  Gb  alarm.o [1]
p_elapsed_seconds       0x20000004    0x4  Data  Gb  alarm.o [1]
reveille_beats          0x20000018   0x14  Data  Gb  alarm.o [1]
reveille_notes          0x2000000c    0xc  Data  Gb  alarm.o [1]
rx_buffer               0x20000044   0x34  Data  Gb  stm32f10x_it.o [1]
rx_index                0x200000b0    0x1  Data  Gb  stm32f10x_it.o [1]
sec_hand                0x200000a4    0x4  Data  Lc  xfail_s.o [3]
sprintf                 0x08003de5   0x40  Code  Gb  sprintf.o [3]
sqrt                    0x080016c1         Code  Gb  sqrt.o [4]
sqrtl                   0x080016c1         Code  Gb  sqrt.o [4]
strchr                  0x08003735         Code  Gb  strchr.o [5]
strlen                  0x0800378d         Code  Gb  strlen.o [5]
xfac                    0x2000009c    0x4  Data  Gb  touch.o [1]
xoff                    0x200000aa    0x2  Data  Gb  touch.o [1]
yfac                    0x200000a0    0x4  Data  Gb  touch.o [1]
yoff                    0x200000ac    0x2  Data  Gb  touch.o [1]


[1] = C:\tue_team2\edl_02\project_test\Debug\Obj
[2] = command line
[3] = dl7M_tln.a
[4] = m7M_tl.a
[5] = rt7M_tl.a
[6] = shb_l.a

  14 872 bytes of readonly  code memory
   4 480 bytes of readonly  data memory
   4 273 bytes of readwrite data memory

Errors: none
Warnings: none
