###############################################################################
#
# IAR ELF Linker V8.22.1.15669/W32 for ARM                19/Dec/2025  16:56:19
# Copyright 2007-2018 IAR Systems AB.
#
#    Output file  =  C:\tue_team2\edl_02\project_test\Debug\Exe\week3.out
#    Map file     =  C:\tue_team2\edl_02\project_test\Debug\List\week3.map
#    Command line =  
#        -f C:\Users\pnu2\AppData\Local\Temp\EW57.tmp
#        (C:\tue_team2\edl_02\project_test\Debug\Obj\alarm.o
#        C:\tue_team2\edl_02\project_test\Debug\Obj\core_cm3.o
#        C:\tue_team2\edl_02\project_test\Debug\Obj\hw_config.o
#        C:\tue_team2\edl_02\project_test\Debug\Obj\lcd.o
#        C:\tue_team2\edl_02\project_test\Debug\Obj\main.o
#        C:\tue_team2\edl_02\project_test\Debug\Obj\misc.o
#        C:\tue_team2\edl_02\project_test\Debug\Obj\startup_stm32f10x_cl.o
#        C:\tue_team2\edl_02\project_test\Debug\Obj\stm32f10x_adc.o
#        C:\tue_team2\edl_02\project_test\Debug\Obj\stm32f10x_bkp.o
#        C:\tue_team2\edl_02\project_test\Debug\Obj\stm32f10x_can.o
#        C:\tue_team2\edl_02\project_test\Debug\Obj\stm32f10x_cec.o
#        C:\tue_team2\edl_02\project_test\Debug\Obj\stm32f10x_crc.o
#        C:\tue_team2\edl_02\project_test\Debug\Obj\stm32f10x_dac.o
#        C:\tue_team2\edl_02\project_test\Debug\Obj\stm32f10x_dbgmcu.o
#        C:\tue_team2\edl_02\project_test\Debug\Obj\stm32f10x_dma.o
#        C:\tue_team2\edl_02\project_test\Debug\Obj\stm32f10x_exti.o
#        C:\tue_team2\edl_02\project_test\Debug\Obj\stm32f10x_flash.o
#        C:\tue_team2\edl_02\project_test\Debug\Obj\stm32f10x_fsmc.o
#        C:\tue_team2\edl_02\project_test\Debug\Obj\stm32f10x_gpio.o
#        C:\tue_team2\edl_02\project_test\Debug\Obj\stm32f10x_i2c.o
#        C:\tue_team2\edl_02\project_test\Debug\Obj\stm32f10x_it.o
#        C:\tue_team2\edl_02\project_test\Debug\Obj\stm32f10x_iwdg.o
#        C:\tue_team2\edl_02\project_test\Debug\Obj\stm32f10x_pwr.o
#        C:\tue_team2\edl_02\project_test\Debug\Obj\stm32f10x_rcc.o
#        C:\tue_team2\edl_02\project_test\Debug\Obj\stm32f10x_rtc.o
#        C:\tue_team2\edl_02\project_test\Debug\Obj\stm32f10x_sdio.o
#        C:\tue_team2\edl_02\project_test\Debug\Obj\stm32f10x_spi.o
#        C:\tue_team2\edl_02\project_test\Debug\Obj\stm32f10x_tim.o
#        C:\tue_team2\edl_02\project_test\Debug\Obj\stm32f10x_usart.o
#        C:\tue_team2\edl_02\project_test\Debug\Obj\stm32f10x_wwdg.o
#        C:\tue_team2\edl_02\project_test\Debug\Obj\system_stm32f10x.o
#        C:\tue_team2\edl_02\project_test\Debug\Obj\touch.o -o
#        C:\tue_team2\edl_02\project_test\Debug\Exe\week3.out --map
#        C:\tue_team2\edl_02\project_test\Debug\List\week3.map --log
#        libraries,initialization,modules,redirects,sections,veneers,unused_fragments,call_graph
#        --log_file C:\tue_team2\edl_02\project_test\Debug\List\week3.log
#        --config C:\project_test\myicf.icf --semihosting --entry
#        __iar_program_start --vfe --text_out locale)
#
###############################################################################

*******************************************************************************
*** RUNTIME MODEL ATTRIBUTES
***

CppFlavor       = *
__SystemLibrary = DLib
__dlib_version  = 6


*******************************************************************************
*** HEAP SELECTION
***

The basic heap was selected because no calls to memory allocation
functions were found in the application outside of system library
functions, and there are calls to deallocation functions in the
application.


*******************************************************************************
*** PLACEMENT SUMMARY
***

"A0":  place at 0x08000000 { ro section .intvec };
"P1":  place in [from 0x08000000 to 0x0807ffff] { ro };
define block CSTACK with size = 4K, alignment = 8 { };
define block HEAP with size = 4K, alignment = 8 { };
"P2":  place in [from 0x20000000 to 0x20007fff] {
          rw, block CSTACK, block HEAP };
initialize by copy { rw };

  Section            Kind        Address    Size  Object
  -------            ----        -------    ----  ------
"A0":                                      0x150
  .intvec            ro code  0x08000000   0x150  startup_stm32f10x_cl.o [1]
                            - 0x08000150   0x150

"P1":                                     0x4390
  .text              ro code  0x08000150   0xa98  lcd.o [1]
  .text              ro code  0x08000be8   0x1c8  stm32f10x_gpio.o [1]
  .text              ro code  0x08000db0   0x18c  stm32f10x_rcc.o [1]
  .text              ro code  0x08000f3c     0x8  abs.o [3]
  .text              ro code  0x08000f44   0x744  touch.o [1]
  .text              ro code  0x08001688    0x1a  U32ToDbl.o [4]
  .text              ro code  0x080016a2     0xa  xsprout.o [3]
  .text              ro code  0x080016ac    0xf2  sqrt.o [4]
  .text              ro code  0x080017a0    0x3a  DblToS32.o [4]
  .text              ro code  0x080017dc    0x1c  U32ToFlt.o [4]
  .text              ro code  0x080017f8    0xfc  FltDiv.o [4]
  .text              ro code  0x080018f4    0x24  FltCmpLe.o [4]
  .text              ro code  0x08001918    0x24  FltCmpGe.o [4]
  .text              ro code  0x0800193c    0x24  S32ToFlt.o [4]
  .text              ro code  0x08001960    0xd8  FltMul.o [4]
  .text              ro code  0x08001a38    0x80  FltSub.o [4]
  .text              ro code  0x08001ab8    0x2a  FltToS32.o [4]
  .text              ro code  0x08001ae4    0xd6  FltAdd.o [4]
  .rodata            const    0x08001bbc   0x5f0  lcd.o [1]
  .rodata            const    0x080021ac   0x594  lcd.o [1]
  .text              ro code  0x08002740   0x4d4  xprintfsmall_nomb.o [3]
  .text              ro code  0x08002c14    0x16  strchr.o [5]
  .text              ro code  0x08002c2c    0x40  xfail_s.o [3]
  .text              ro code  0x08002c6c    0x36  strlen.o [5]
  .text              ro code  0x08002ca4    0x58  memchr.o [5]
  .text              ro code  0x08002cfc     0x6  abort.o [3]
  .text              ro code  0x08002d04    0x14  exit.o [6]
  .rodata            const    0x08002d18   0x474  lcd.o [1]
  .text              ro code  0x0800318c   0x30c  hw_config.o [1]
  .text              ro code  0x08003498   0x1b6  stm32f10x_usart.o [1]
  .text              ro code  0x08003650    0x80  misc.o [1]
  .text              ro code  0x080036d0    0xc0  stm32f10x_exti.o [1]
  .text              ro code  0x08003790    0x58  stm32f10x_dma.o [1]
  .text              ro code  0x080037e8   0x1a0  stm32f10x_adc.o [1]
  .text              ro code  0x08003988   0x214  alarm.o [1]
  .text              ro code  0x08003b9c   0x11c  stm32f10x_tim.o [1]
  .text              ro code  0x08003cb8    0x40  sprintf.o [3]
  .text              ro code  0x08003cf8   0x1ac  stm32f10x_it.o [1]
  .text              ro code  0x08003ea4   0x174  iar_Stoulx.o [3]
  .text              ro code  0x08004018   0x1a4  system_stm32f10x.o [1]
  .text              ro code  0x080041bc    0x6c  main.o [1]
  .text              ro code  0x08004228    0x40  zero_init3.o [5]
  .text              ro code  0x08004268    0x2c  copy_init3.o [5]
  .text              ro code  0x08004294    0x28  data_init.o [5]
  Initializer bytes  const    0x080042bc    0x24  <for P2-1>
  .iar.init_table    const    0x080042e0    0x24  - Linker created -
  .text              ro code  0x08004304    0x1e  cmain.o [5]
  .text              ro code  0x08004322     0x4  low_level_init.o [3]
  .text              ro code  0x08004326     0x4  exit.o [3]
  .text              ro code  0x0800432c     0xa  cexit.o [5]
  .rodata            const    0x08004338    0x18  alarm.o [1]
  .rodata            const    0x08004350    0x18  alarm.o [1]
  .rodata            const    0x08004368    0x10  main.o [1]
  .rodata            const    0x08004378    0x10  main.o [1]
  .text              ro code  0x08004388    0x10  startup_stm32f10x_cl.o [1]
  .rodata            const    0x08004398     0xc  alarm.o [1]
  .rodata            const    0x080043a4     0xc  alarm.o [1]
  .rodata            const    0x080043b0     0xc  alarm.o [1]
  .text              ro code  0x080043bc     0xc  cstartup_M.o [5]
  .text              ro code  0x080043c8     0x4  startup_stm32f10x_cl.o [1]
  .text              ro code  0x080043cc     0x4  startup_stm32f10x_cl.o [1]
  .text              ro code  0x080043d0     0x4  startup_stm32f10x_cl.o [1]
  .text              ro code  0x080043d4     0x4  startup_stm32f10x_cl.o [1]
  .text              ro code  0x080043d8     0x4  startup_stm32f10x_cl.o [1]
  .text              ro code  0x080043dc     0x4  startup_stm32f10x_cl.o [1]
  .text              ro code  0x080043e0     0x4  startup_stm32f10x_cl.o [1]
  .text              ro code  0x080043e4     0x4  startup_stm32f10x_cl.o [1]
  .text              ro code  0x080043e8     0x4  startup_stm32f10x_cl.o [1]
  .text              ro code  0x080043ec     0x4  startup_stm32f10x_cl.o [1]
  .text              ro code  0x080043f0     0x4  startup_stm32f10x_cl.o [1]
  .text              ro code  0x080043f4     0x4  startup_stm32f10x_cl.o [1]
  .text              ro code  0x080043f8     0x4  startup_stm32f10x_cl.o [1]
  .text              ro code  0x080043fc     0x4  startup_stm32f10x_cl.o [1]
  .text              ro code  0x08004400     0x4  startup_stm32f10x_cl.o [1]
  .text              ro code  0x08004404     0x4  startup_stm32f10x_cl.o [1]
  .text              ro code  0x08004408     0x4  startup_stm32f10x_cl.o [1]
  .text              ro code  0x0800440c     0x4  startup_stm32f10x_cl.o [1]
  .text              ro code  0x08004410     0x4  startup_stm32f10x_cl.o [1]
  .text              ro code  0x08004414     0x4  startup_stm32f10x_cl.o [1]
  .text              ro code  0x08004418     0x4  startup_stm32f10x_cl.o [1]
  .text              ro code  0x0800441c     0x4  startup_stm32f10x_cl.o [1]
  .text              ro code  0x08004420     0x4  startup_stm32f10x_cl.o [1]
  .text              ro code  0x08004424     0x4  startup_stm32f10x_cl.o [1]
  .text              ro code  0x08004428     0x4  startup_stm32f10x_cl.o [1]
  .text              ro code  0x0800442c     0x4  startup_stm32f10x_cl.o [1]
  .text              ro code  0x08004430     0x4  startup_stm32f10x_cl.o [1]
  .text              ro code  0x08004434     0x4  startup_stm32f10x_cl.o [1]
  .text              ro code  0x08004438     0x4  startup_stm32f10x_cl.o [1]
  .text              ro code  0x0800443c     0x4  startup_stm32f10x_cl.o [1]
  .text              ro code  0x08004440     0x4  startup_stm32f10x_cl.o [1]
  .text              ro code  0x08004444     0x4  startup_stm32f10x_cl.o [1]
  .text              ro code  0x08004448     0x4  startup_stm32f10x_cl.o [1]
  .text              ro code  0x0800444c     0x4  startup_stm32f10x_cl.o [1]
  .text              ro code  0x08004450     0x4  startup_stm32f10x_cl.o [1]
  .text              ro code  0x08004454     0x4  startup_stm32f10x_cl.o [1]
  .text              ro code  0x08004458     0x4  startup_stm32f10x_cl.o [1]
  .text              ro code  0x0800445c     0x4  startup_stm32f10x_cl.o [1]
  .text              ro code  0x08004460     0x4  startup_stm32f10x_cl.o [1]
  .text              ro code  0x08004464     0x4  startup_stm32f10x_cl.o [1]
  .text              ro code  0x08004468     0x4  startup_stm32f10x_cl.o [1]
  .text              ro code  0x0800446c     0x4  startup_stm32f10x_cl.o [1]
  .text              ro code  0x08004470     0x4  startup_stm32f10x_cl.o [1]
  .text              ro code  0x08004474     0x4  startup_stm32f10x_cl.o [1]
  .text              ro code  0x08004478     0x4  startup_stm32f10x_cl.o [1]
  .text              ro code  0x0800447c     0x4  startup_stm32f10x_cl.o [1]
  .text              ro code  0x08004480     0x4  startup_stm32f10x_cl.o [1]
  .text              ro code  0x08004484     0x4  startup_stm32f10x_cl.o [1]
  .text              ro code  0x08004488     0x4  startup_stm32f10x_cl.o [1]
  .text              ro code  0x0800448c     0x4  startup_stm32f10x_cl.o [1]
  .text              ro code  0x08004490     0x4  startup_stm32f10x_cl.o [1]
  .text              ro code  0x08004494     0x4  startup_stm32f10x_cl.o [1]
  .text              ro code  0x08004498     0x4  startup_stm32f10x_cl.o [1]
  .text              ro code  0x0800449c     0x4  startup_stm32f10x_cl.o [1]
  .text              ro code  0x080044a0     0x4  startup_stm32f10x_cl.o [1]
  .text              ro code  0x080044a4     0x4  startup_stm32f10x_cl.o [1]
  .text              ro code  0x080044a8     0x4  startup_stm32f10x_cl.o [1]
  .text              ro code  0x080044ac     0x4  startup_stm32f10x_cl.o [1]
  .text              ro code  0x080044b0     0x4  startup_stm32f10x_cl.o [1]
  .text              ro code  0x080044b4     0x4  startup_stm32f10x_cl.o [1]
  .text              ro code  0x080044b8     0x4  startup_stm32f10x_cl.o [1]
  .text              ro code  0x080044bc     0x4  startup_stm32f10x_cl.o [1]
  .text              ro code  0x080044c0     0x4  startup_stm32f10x_cl.o [1]
  .text              ro code  0x080044c4     0x4  startup_stm32f10x_cl.o [1]
  .text              ro code  0x080044c8     0x4  startup_stm32f10x_cl.o [1]
  .text              ro code  0x080044cc     0x4  startup_stm32f10x_cl.o [1]
  .text              ro code  0x080044d0     0x4  startup_stm32f10x_cl.o [1]
  .text              ro code  0x080044d4     0x4  startup_stm32f10x_cl.o [1]
  .text              ro code  0x080044d8     0x4  startup_stm32f10x_cl.o [1]
  .text              ro code  0x080044dc     0x4  startup_stm32f10x_cl.o [1]
  .rodata            const    0x080044e0     0x0  zero_init3.o [5]
  .rodata            const    0x080044e0     0x0  copy_init3.o [5]
                            - 0x080044e0  0x4390

"P2", part 1 of 3:                          0x24
  P2-1                        0x20000000    0x24  <Init block>
    .data            inited   0x20000000     0x4  alarm.o [1]
    .data            inited   0x20000004     0x4  alarm.o [1]
    .data            inited   0x20000008     0x4  alarm.o [1]
    .data            inited   0x2000000c     0x4  alarm.o [1]
    .data            inited   0x20000010    0x10  stm32f10x_rcc.o [1]
    .data            inited   0x20000020     0x4  stm32f10x_rcc.o [1]
                            - 0x20000024    0x24

"P2", part 2 of 3:                          0x54
  .bss               zero     0x20000024    0x34  stm32f10x_it.o [1]
  .bss               zero     0x20000058     0x4  alarm.o [1]
  .bss               zero     0x2000005c     0x4  alarm.o [1]
  .bss               zero     0x20000060     0x4  main.o [1]
  .bss               zero     0x20000064     0x4  touch.o [1]
  .bss               zero     0x20000068     0x4  touch.o [1]
  .bss               zero     0x2000006c     0x4  xfail_s.o [3]
  .bss               zero     0x20000070     0x2  lcd.o [1]
  .bss               zero     0x20000072     0x2  touch.o [1]
  .bss               zero     0x20000074     0x2  touch.o [1]
  .bss               zero     0x20000076     0x1  alarm.o [1]
  .bss               zero     0x20000077     0x1  stm32f10x_it.o [1]
                            - 0x20000078    0x54

"P2", part 3 of 3:                        0x1000
  CSTACK                      0x20000078  0x1000  <Block>
    CSTACK           uninit   0x20000078  0x1000  <Block tail>
                            - 0x20001078  0x1000


*******************************************************************************
*** INIT TABLE
***

          Address     Size
          -------     ----
Zero (__iar_zero_init3)
    1 destination range, total size 0x54:
          0x20000024  0x54

Copy (__iar_copy_init3)
    1 source range, total size 0x24:
          0x080042bc  0x24
    1 destination range, total size 0x24:
          0x20000000  0x24



*******************************************************************************
*** MODULE SUMMARY
***

    Module                  ro code  ro data  rw data
    ------                  -------  -------  -------
C:\tue_team2\edl_02\project_test\Debug\Obj: [1]
    alarm.o                     532      100       25
    hw_config.o                 780
    lcd.o                     2 712    4 088        2
    main.o                      108       32        4
    misc.o                      128
    startup_stm32f10x_cl.o      632
    stm32f10x_adc.o             416
    stm32f10x_dma.o              88
    stm32f10x_exti.o            192
    stm32f10x_gpio.o            456
    stm32f10x_it.o              428                53
    stm32f10x_rcc.o             396       20       20
    stm32f10x_tim.o             284
    stm32f10x_usart.o           438
    system_stm32f10x.o          420
    touch.o                   1 860                12
    -------------------------------------------------
    Total:                    9 870    4 240      116

command line: [2]
    -------------------------------------------------
    Total:

dl7M_tln.a: [3]
    abort.o                       6
    abs.o                         8
    exit.o                        4
    iar_Stoulx.o                372
    low_level_init.o              4
    sprintf.o                    64
    xfail_s.o                    64                 4
    xprintfsmall_nomb.o       1 236
    xsprout.o                    10
    -------------------------------------------------
    Total:                    1 768                 4

m7M_tl.a: [4]
    DblToS32.o                   58
    FltAdd.o                    214
    FltCmpGe.o                   36
    FltCmpLe.o                   36
    FltDiv.o                    252
    FltMul.o                    216
    FltSub.o                    128
    FltToS32.o                   42
    S32ToFlt.o                   36
    U32ToDbl.o                   26
    U32ToFlt.o                   28
    sqrt.o                      242
    -------------------------------------------------
    Total:                    1 314

rt7M_tl.a: [5]
    cexit.o                      10
    cmain.o                      30
    copy_init3.o                 44
    cstartup_M.o                 12
    data_init.o                  40
    memchr.o                     88
    strchr.o                     22
    strlen.o                     54
    zero_init3.o                 64
    -------------------------------------------------
    Total:                      364

shb_l.a: [6]
    exit.o                       20
    -------------------------------------------------
    Total:                       20

    Gaps                         16        4
    Linker created                        36    4 096
-----------------------------------------------------
    Grand Total:             13 352    4 280    4 216


*******************************************************************************
*** ENTRY LIST
***

Entry                      Address   Size  Type      Object
-----                      -------   ----  ----      ------
.iar.init_table$$Base   0x080042e0          --   Gb  - Linker created -
.iar.init_table$$Limit  0x08004304          --   Gb  - Linker created -
?main                   0x08004305         Code  Gb  cmain.o [5]
ADCPrescTable           0x20000020    0x4  Data  Lc  stm32f10x_rcc.o [1]
ADC_Cmd                 0x08003833   0x1a  Code  Gb  stm32f10x_adc.o [1]
ADC_Configure           0x080033d3   0x74  Code  Gb  hw_config.o [1]
ADC_DMACmd              0x0800384d   0x1a  Code  Gb  stm32f10x_adc.o [1]
ADC_GetCalibrationStatus
                        0x0800388d   0x12  Code  Gb  stm32f10x_adc.o [1]
ADC_GetResetCalibrationStatus
                        0x08003871   0x12  Code  Gb  stm32f10x_adc.o [1]
ADC_Init                0x080037e9   0x4a  Code  Gb  stm32f10x_adc.o [1]
ADC_RegularChannelConfig
                        0x080038b9   0xc6  Code  Gb  stm32f10x_adc.o [1]
ADC_ResetCalibration    0x08003867    0xa  Code  Gb  stm32f10x_adc.o [1]
ADC_SoftwareStartConvCmd
                        0x0800389f   0x1a  Code  Gb  stm32f10x_adc.o [1]
ADC_StartCalibration    0x08003883    0xa  Code  Gb  stm32f10x_adc.o [1]
ADC_Value               0x20000060    0x4  Data  Gb  main.o [1]
ADS_Read_AD             0x08000f99   0x9e  Code  Gb  touch.o [1]
ADS_Read_XY             0x08001037   0xae  Code  Gb  touch.o [1]
ADS_Write_Byte          0x08000f45   0x52  Code  Gb  touch.o [1]
APBAHBPrescTable        0x20000010   0x10  Data  Lc  stm32f10x_rcc.o [1]
Alarm_GetElapsedSeconds
                        0x08003b21    0x8  Code  Gb  alarm.o [1]
Alarm_GetState          0x08003b19    0x8  Code  Gb  alarm.o [1]
Alarm_Init              0x080039bf   0x12  Code  Gb  alarm.o [1]
Alarm_Process           0x08003a23   0xf6  Code  Gb  alarm.o [1]
Alarm_Process::last_displayed_second
                        0x2000000c    0x4  Data  Lc  alarm.o [1]
Alarm_Reset             0x08003b29   0x4a  Code  Gb  alarm.o [1]
Alarm_Start             0x080039d1   0x52  Code  Gb  alarm.o [1]
BusFault_Handler        0x08003cff    0x2  Code  Gb  stm32f10x_it.o [1]
CSTACK$$Base            0x20000078          --   Gb  - Linker created -
CSTACK$$Limit           0x20001078          --   Gb  - Linker created -
DMA_Cmd                 0x080037cd   0x1c  Code  Gb  stm32f10x_dma.o [1]
DMA_Configure           0x08003389   0x4a  Code  Gb  hw_config.o [1]
DMA_Init                0x08003791   0x3c  Code  Gb  stm32f10x_dma.o [1]
DebugMon_Handler        0x08003d05    0x2  Code  Gb  stm32f10x_it.o [1]
DeviceCode              0x20000070    0x2  Data  Gb  lcd.o [1]
Drow_Touch_Point        0x080012ef   0x68  Code  Gb  touch.o [1]
EXTI0_IRQHandler        0x08003d7f   0x3a  Code  Gb  stm32f10x_it.o [1]
EXTI_ClearITPendingBit  0x08003775    0x6  Code  Gb  stm32f10x_exti.o [1]
EXTI_GetITStatus        0x08003755   0x20  Code  Gb  stm32f10x_exti.o [1]
EXTI_Init               0x080036d1   0x84  Code  Gb  stm32f10x_exti.o [1]
GBHZ_16                 0x080021ac  0x594  Data  Gb  lcd.o [1]
GPIO_Configure          0x080031ab   0xb0  Code  Gb  hw_config.o [1]
GPIO_EXTILineConfig     0x08000d4f   0x56  Code  Gb  stm32f10x_gpio.o [1]
GPIO_Init               0x08000be9   0xc4  Code  Gb  stm32f10x_gpio.o [1]
GPIO_PinRemapConfig     0x08000cc5   0x8a  Code  Gb  stm32f10x_gpio.o [1]
GPIO_ReadInputData      0x08000cad    0x6  Code  Gb  stm32f10x_gpio.o [1]
GPIO_ResetBits          0x08000cb9    0x6  Code  Gb  stm32f10x_gpio.o [1]
GPIO_SetBits            0x08000cb3    0x6  Code  Gb  stm32f10x_gpio.o [1]
GPIO_Write              0x08000cbf    0x6  Code  Gb  stm32f10x_gpio.o [1]
HardFault_Handler       0x08003cfb    0x2  Code  Gb  stm32f10x_it.o [1]
LCD_Clear               0x080006b9   0x28  Code  Gb  lcd.o [1]
LCD_Configuration       0x080002bd   0x9c  Code  Lc  lcd.o [1]
LCD_Delay               0x08000359   0x26  Code  Lc  lcd.o [1]
LCD_DrawLine            0x08000777  0x110  Code  Gb  lcd.o [1]
LCD_DrawPoint           0x0800075f   0x18  Code  Gb  lcd.o [1]
LCD_Init                0x0800037f  0x33a  Code  Gb  lcd.o [1]
LCD_ReadReg             0x08000205   0x90  Code  Lc  lcd.o [1]
LCD_SetCursor           0x080006e1   0x3e  Code  Gb  lcd.o [1]
LCD_ShowChar            0x08000887  0x100  Code  Gb  lcd.o [1]
LCD_ShowCharString      0x08000987   0x58  Code  Gb  lcd.o [1]
LCD_ShowHzString        0x08000b67   0x62  Code  Gb  lcd.o [1]
LCD_ShowString          0x080009df   0x5e  Code  Gb  lcd.o [1]
LCD_WR_DATA             0x080001ab   0x5a  Code  Lc  lcd.o [1]
LCD_WR_REG              0x08000151   0x5a  Code  Lc  lcd.o [1]
LCD_WindowMax           0x0800071f   0x40  Code  Gb  lcd.o [1]
LCD_WriteRAM            0x080002b3    0xa  Code  Lc  lcd.o [1]
LCD_WriteRAM_Prepare    0x080002a9    0xa  Code  Lc  lcd.o [1]
LCD_WriteReg            0x08000295   0x14  Code  Lc  lcd.o [1]
LoadInt                 0x08002963   0x56  Code  Lc  xprintfsmall_nomb.o [3]
MemManage_Handler       0x08003cfd    0x2  Code  Gb  stm32f10x_it.o [1]
NMI_Handler             0x08003cf9    0x2  Code  Gb  stm32f10x_it.o [1]
NVIC_Configure          0x080032e7   0xa2  Code  Gb  hw_config.o [1]
NVIC_Init               0x0800365b   0x60  Code  Gb  misc.o [1]
NVIC_PriorityGroupConfig
                        0x08003651    0xa  Code  Gb  misc.o [1]
PendSV_Handler          0x08003d07    0x2  Code  Gb  stm32f10x_it.o [1]
RCC_AHBPeriphClockCmd   0x08000eb5   0x20  Code  Gb  stm32f10x_rcc.o [1]
RCC_APB1PeriphClockCmd  0x08000ef5   0x20  Code  Gb  stm32f10x_rcc.o [1]
RCC_APB2PeriphClockCmd  0x08000ed5   0x20  Code  Gb  stm32f10x_rcc.o [1]
RCC_Configure           0x0800318d   0x1e  Code  Gb  hw_config.o [1]
RCC_GetClocksFreq       0x08000db1  0x104  Code  Gb  stm32f10x_rcc.o [1]
Read_ADSX               0x080010e5   0x1c  Code  Gb  touch.o [1]
Read_ADSY               0x08001101   0x1c  Code  Gb  touch.o [1]
Refreshes_Screen        0x08001357    0xc  Code  Gb  touch.o [1]
Region$$Table$$Base     0x080042e0          --   Gb  - Linker created -
Region$$Table$$Limit    0x08004304          --   Gb  - Linker created -
SVC_Handler             0x08003d03    0x2  Code  Gb  stm32f10x_it.o [1]
SetSysClock             0x0800407f    0x8  Code  Lc  system_stm32f10x.o [1]
SetSysClockTo72         0x08004087  0x110  Code  Lc  system_stm32f10x.o [1]
SysTick_Handler         0x08003d09    0x2  Code  Gb  stm32f10x_it.o [1]
SystemInit              0x08004019   0x66  Code  Gb  system_stm32f10x.o [1]
TIM2_IRQHandler         0x08003d0b   0x74  Code  Gb  stm32f10x_it.o [1]
TIM_ClearITPendingBit   0x08003c87    0x8  Code  Gb  stm32f10x_tim.o [1]
TIM_Cmd                 0x08003c2f   0x1c  Code  Gb  stm32f10x_tim.o [1]
TIM_Configure_Alarm     0x08003989   0x36  Code  Lc  alarm.o [1]
TIM_GetITStatus         0x08003c63   0x24  Code  Gb  stm32f10x_tim.o [1]
TIM_ITConfig            0x08003c4b   0x18  Code  Gb  stm32f10x_tim.o [1]
TIM_TimeBaseInit        0x08003b9d   0x92  Code  Gb  stm32f10x_tim.o [1]
Touch_Adjust            0x08001363  0x2ee  Code  Gb  touch.o [1]
Touch_Configuration     0x0800129d   0x52  Code  Gb  touch.o [1]
Touch_GetXY             0x0800125d   0x40  Code  Gb  touch.o [1]
Touch_GexX              0x0800111d   0xa0  Code  Gb  touch.o [1]
Touch_GexY              0x080011bd   0xa0  Code  Gb  touch.o [1]
USART1_IRQHandler       0x08003db9   0x38  Code  Gb  stm32f10x_it.o [1]
USART1_Init             0x0800325b   0x46  Code  Gb  hw_config.o [1]
USART2_IRQHandler       0x08003df1   0x94  Code  Gb  stm32f10x_it.o [1]
USART2_Init             0x080032a1   0x46  Code  Gb  hw_config.o [1]
USART2_SendString       0x08003447   0x26  Code  Gb  hw_config.o [1]
USART_ClearITPendingBit
                        0x08003639   0x16  Code  Gb  stm32f10x_usart.o [1]
USART_Cmd               0x08003555   0x1c  Code  Gb  stm32f10x_usart.o [1]
USART_GetFlagStatus     0x080035cb   0x12  Code  Gb  stm32f10x_usart.o [1]
USART_GetITStatus       0x080035dd   0x5c  Code  Gb  stm32f10x_usart.o [1]
USART_ITConfig          0x08003571   0x4a  Code  Gb  stm32f10x_usart.o [1]
USART_Init              0x08003499   0xb6  Code  Gb  stm32f10x_usart.o [1]
USART_ReceiveData       0x080035c3    0x8  Code  Gb  stm32f10x_usart.o [1]
USART_SendData          0x080035bb    0x8  Code  Gb  stm32f10x_usart.o [1]
UsageFault_Handler      0x08003d01    0x2  Code  Gb  stm32f10x_it.o [1]
WriteOneHz              0x08000a85   0xe2  Code  Lc  lcd.o [1]
_LitobSmallNoMb         0x08002af5   0xce  Code  Lc  xprintfsmall_nomb.o [3]
_PrintfSmallNoMb        0x08002741  0x216  Code  Gb  xprintfsmall_nomb.o [3]
_PutcharsSmallNoMb      0x08002bc3   0x2e  Code  Lc  xprintfsmall_nomb.o [3]
_PutfldSmallNoMb        0x080029b9  0x13c  Code  Lc  xprintfsmall_nomb.o [3]
_SProut                 0x080016a3    0xa  Code  Gb  xsprout.o [3]
__aeabi_cfcmple         0x080018f5         Code  Gb  FltCmpLe.o [4]
__aeabi_cfrcmple        0x08001919         Code  Gb  FltCmpGe.o [4]
__aeabi_d2iz            0x080017a1         Code  Gb  DblToS32.o [4]
__aeabi_f2iz            0x08001ab9         Code  Gb  FltToS32.o [4]
__aeabi_fdiv            0x080017f9         Code  Gb  FltDiv.o [4]
__aeabi_fmul            0x08001961         Code  Gb  FltMul.o [4]
__aeabi_fsub            0x08001a39         Code  Gb  FltSub.o [4]
__aeabi_i2f             0x0800193d         Code  Gb  S32ToFlt.o [4]
__aeabi_ui2d            0x08001689         Code  Gb  U32ToDbl.o [4]
__aeabi_ui2f            0x080017dd         Code  Gb  U32ToFlt.o [4]
__cmain                 0x08004305         Code  Gb  cmain.o [5]
__exit                  0x08002d05   0x14  Code  Gb  exit.o [6]
__iar_Fail_s            0x08002c2d   0x1c  Code  Gb  xfail_s.o [3]
__iar_Memchr            0x08002ca5         Code  Gb  memchr.o [5]
__iar_Stoulx            0x08003ea5  0x114  Code  Gb  iar_Stoulx.o [3]
__iar_Strchr            0x08002c15         Code  Gb  strchr.o [5]
__iar_copy_init3        0x08004269   0x2c  Code  Gb  copy_init3.o [5]
__iar_data_init3        0x08004295   0x28  Code  Gb  data_init.o [5]
__iar_fadd              0x08001a45         Code  Gb  FltSub.o [4]
__iar_fsub              0x08001ae5         Code  Gb  FltAdd.o [4]
__iar_fsubStart         0x08001af5         Code  Gb  FltAdd.o [4]
__iar_program_start     0x080043bd         Code  Gb  cstartup_M.o [5]
__iar_sqrt64            0x080016ad         Code  Gb  sqrt.o [4]
__iar_systems$$module {Abs}
                        0x00000001         Data  Gb  command line/config [2]
__iar_zero_init3        0x08004229   0x40  Code  Gb  zero_init3.o [5]
__low_level_init        0x08004323    0x4  Code  Gb  low_level_init.o [3]
__vector_table          0x08000000         Data  Gb  startup_stm32f10x_cl.o [1]
_call_main              0x08004311         Code  Gb  cmain.o [5]
_exit                   0x0800432d         Code  Gb  cexit.o [5]
_main                   0x0800431f         Code  Gb  cmain.o [5]
abort                   0x08002cfd    0x6  Code  Gb  abort.o [3]
abs                     0x08000f3d    0x8  Code  Gb  abs.o [3]
alarm_state             0x20000076    0x1  Data  Lc  alarm.o [1]
asc2_1206               0x08002d18  0x474  Data  Gb  lcd.o [1]
asc2_1608               0x08001bbc  0x5f0  Data  Gb  lcd.o [1]
atoi                    0x08003fbf    0x2  Code  Gb  iar_Stoulx.o [3]
countdown_seconds       0x20000058    0x4  Data  Lc  alarm.o [1]
digits                  0x08003fc8   0x28  Data  Lc  iar_Stoulx.o [3]
elapsed_seconds         0x2000005c    0x4  Data  Lc  alarm.o [1]
exit                    0x08004327    0x4  Code  Gb  exit.o [3]
findHzIndex             0x08000a3d   0x48  Code  Lc  lcd.o [1]
main                    0x080041bd   0x6c  Code  Gb  main.o [1]
memchr                  0x08002ca5         Code  Gb  memchr.o [5]
ndigs                   0x08003ff0   0x28  Data  Lc  iar_Stoulx.o [3]
p_alarm_state           0x20000008    0x4  Data  Gb  alarm.o [1]
p_countdown_seconds     0x20000000    0x4  Data  Gb  alarm.o [1]
p_elapsed_seconds       0x20000004    0x4  Data  Gb  alarm.o [1]
rx_buffer               0x20000024   0x34  Data  Gb  stm32f10x_it.o [1]
rx_index                0x20000077    0x1  Data  Gb  stm32f10x_it.o [1]
sec_hand                0x2000006c    0x4  Data  Lc  xfail_s.o [3]
sprintf                 0x08003cb9   0x40  Code  Gb  sprintf.o [3]
sqrt                    0x080016ad         Code  Gb  sqrt.o [4]
sqrtl                   0x080016ad         Code  Gb  sqrt.o [4]
strchr                  0x08002c15         Code  Gb  strchr.o [5]
strlen                  0x08002c6d         Code  Gb  strlen.o [5]
xfac                    0x20000064    0x4  Data  Gb  touch.o [1]
xoff                    0x20000072    0x2  Data  Gb  touch.o [1]
yfac                    0x20000068    0x4  Data  Gb  touch.o [1]
yoff                    0x20000074    0x2  Data  Gb  touch.o [1]


[1] = C:\tue_team2\edl_02\project_test\Debug\Obj
[2] = command line
[3] = dl7M_tln.a
[4] = m7M_tl.a
[5] = rt7M_tl.a
[6] = shb_l.a

  13 352 bytes of readonly  code memory
   4 280 bytes of readonly  data memory
   4 216 bytes of readwrite data memory

Errors: none
Warnings: none
